ARM Linker, 5.03 [Build 76] [MDK-ARM Lite]

==============================================================================

Section Cross References

    boot_vectors.o(RESET) refers to boot_vectors.o(STACK) for __initial_sp
    boot_vectors.o(RESET) refers to boot_vectors.o(.text) for Reset_Handler
    boot_vectors.o(RESET) refers to rwble.o(.text) for BLE_WAKEUP_LP_Handler
    boot_vectors.o(RESET) refers to gpio.o(.text) for GPIO0_Handler
    boot_vectors.o(.text) refers to system_armcm0.o(.text) for SystemInit
    boot_vectors.o(.text) refers to entry.o(.ARM.Collect$$$$00000000) for __main
    boot_vectors.o(.text) refers to nmi_handler.o(.text) for NMI_HandlerC
    boot_vectors.o(.text) refers to hardfault_handler.o(.text) for HardFault_HandlerC
    boot_vectors.o(.text) refers to arch_patch.o(.text) for SVC_Handler_c
    arch_main.o(.text) refers to arch_system.o(.text) for set_sleep_delay
    arch_main.o(.text) refers to gpio.o(.text) for GPIO_init
    arch_main.o(.text) refers to nvds.o(.text) for nvds_read_bdaddr_from_otp
    arch_main.o(.text) refers to periph_setup.o(.text) for periph_init
    arch_main.o(.text) refers to rf_580.o(.text) for iq_trim_from_otp
    arch_main.o(.text) refers to arch_patch.o(.text) for patch_llm_task
    arch_main.o(.text) refers to llc.obj(.text) for patch_llc_task
    arch_main.o(.text) refers to arch_sleep.o(.text) for app_disable_sleep
    arch_main.o(.text) refers to app.o(.text) for app_init
    arch_main.o(.text) refers to app_stream_queue.o(.text) for stream_fifo_init
    arch_main.o(.text) refers to app_throughput_peripheral_proj.o(.text) for test_pkt_gen
    arch_main.o(.text) refers to rwip.o(.text) for rwip_sleep
    arch_main.o(.text) refers to arch_main.o(retention_mem_area0) for retention_mem_area0
    arch_main.o(.text) refers to arch_main.o(BLE_exchange_memory) for BLE_exchange_memory
    arch_main.o(.text) refers to app_stream_queue.o(.bss) for global_metrics_tosend
    arch_main.o(.text) refers to jump_table.o(jump_table_mem_area) for jump_table_base
    arch_main.o(.text) refers to rwble.o(retention_mem_area0) for fine_hit
    jump_table.o(jump_table_mem_area) refers to arch_main.o(.text) for main_func
    jump_table.o(jump_table_mem_area) refers to rf_580.o(.text) for rf_init_func
    jump_table.o(jump_table_mem_area) refers to prf_utils.o(.text) for prf_init_func
    jump_table.o(jump_table_mem_area) refers to arch_system.o(.text) for uart_flow_off_func
    jump_table.o(jump_table_mem_area) refers to rwble.o(.text) for lld_sleep_compensate_func_patched
    jump_table.o(jump_table_mem_area) refers to jump_table.o(heap_mem_area_not_ret) for rwip_heap_non_ret
    jump_table.o(jump_table_mem_area) refers to jump_table.o(heap_env_area) for rwip_heap_env_ret
    jump_table.o(jump_table_mem_area) refers to jump_table.o(heap_db_area) for rwip_heap_db_ret
    jump_table.o(jump_table_mem_area) refers to jump_table.o(heap_msg_area) for rwip_heap_msg_ret
    jump_table.o(jump_table_mem_area) refers to ke_task.obj(.text) for ke_task_init_func
    jump_table.o(jump_table_mem_area) refers to nvds.o(.text) for custom_nvds_get_func
    jump_table.o(jump_table_mem_area) refers to jump_table.o(.constdata) for LUT_CFG
    arch_sleep.o(.text) refers to arch_sleep.o(retention_mem_area0) for retention_mem_area0
    arch_sleep.o(.text) refers to rwble.o(retention_mem_area0) for rwble_last_event
    periph_setup.o(.text) refers to gpio.o(.text) for GPIO_ConfigurePin
    periph_setup.o(.text) refers to arch_patch.o(.text) for patch_func
    periph_setup.o(.text) refers to gpio.o(.bss) for GPIO
    arch_system.o(.text) refers to trng.o(.text) for trng_acquire
    arch_system.o(.text) refers to arch_system.o(retention_mem_area0) for retention_mem_area0
    arch_system.o(.text) refers to arch_main.o(retention_mem_area0) for sys_startup_flag
    arch_system.o(.text) refers to arch_system.o(.data) for .data
    arch_patch.o(.text) refers to arch_patch.o(.constdata) for .constdata
    arch_patch.o(.constdata) refers to arch_patch.o(.text) for my_lld_data_ind_handler
    arch_patch.o(.constdata) refers to arch_patch.o(.constdata) for my_llm_default_state
    arch_patch.o(.constdata) refers to arch_patch.o(.constdata) for my_llm_default_handler
    arch_patch.o(.constdata) refers to arch_patch.o(.constdata) for my_gtl_default_handler
    arch_patch.o(.constdata) refers to arch_patch.o(.text) for cmp_abs_time
    arch_patch.o(.constdata) refers to atts_task.obj(.text) for l2cc_pdu_recv_ind_handler
    arch_patch.o(.constdata) refers to smpc.obj(.text) for smpc_send_pairing_req_ind
    arch_patch.o(.constdata) refers to smpc_task.obj(.text) for smpc_pairing_cfm_handler
    arch_patch.o(.constdata) refers to ch_map.obj(.text) for my_llc_con_update_req_ind
    arch_patch.o(.constdata) refers to gapm_util.obj(.text) for patched_gapm_adv_op_sanity
    arch_patch.o(.constdata) refers to arch_patch.o(.text) for my_gtl_msg_send_handler
[...]
    gapm_set_scan_mode                       0x000310b5   Thumb Code     0  rom_symdef.txt ABSOLUTE
    gapm_execute_scan_op                     0x000310d1   Thumb Code     0  rom_symdef.txt ABSOLUTE
    gapm_connect_op_sanity                   0x00031175   Thumb Code     0  rom_symdef.txt ABSOLUTE
    gapm_execute_connect_op                  0x000312b9   Thumb Code     0  rom_symdef.txt ABSOLUTE
    gapm_get_role                            0x0003142d   Thumb Code     0  rom_symdef.txt ABSOLUTE
    gapm_get_recon_addr                      0x00031433   Thumb Code     0  rom_symdef.txt ABSOLUTE
    gapm_set_privacy_flag                    0x00031473   Thumb Code     0  rom_symdef.txt ABSOLUTE
    gapm_get_ad_type_flag                    0x0003149f   Thumb Code     0  rom_symdef.txt ABSOLUTE
    gapm_add_to_filter                       0x000314c5   Thumb Code     0  rom_symdef.txt ABSOLUTE
    gapm_is_filtered                         0x00031529   Thumb Code     0  rom_symdef.txt ABSOLUTE
    gapm_update_air_op_state                 0x0003157f   Thumb Code     0  rom_symdef.txt ABSOLUTE
    gapm_get_irk                             0x00031635   Thumb Code     0  rom_symdef.txt ABSOLUTE
    gapm_get_bdaddr                          0x0003163b   Thumb Code     0  rom_symdef.txt ABSOLUTE
    l2cc_pdu_pack                            0x0003164d   Thumb Code     0  rom_symdef.txt ABSOLUTE
    l2cc_pdu_unpack                          0x000318f3   Thumb Code     0  rom_symdef.txt ABSOLUTE
    l2cc_detect_dest                         0x00031b2d   Thumb Code     0  rom_symdef.txt ABSOLUTE
    smpc_check_param                         0x00031b95   Thumb Code     0  rom_symdef.txt ABSOLUTE
    ke_init                                  0x0003200d   Thumb Code     0  rom_symdef.txt ABSOLUTE
    ke_flush                                 0x00032039   Thumb Code     0  rom_symdef.txt ABSOLUTE
    ke_sleep_check                           0x00032079   Thumb Code     0  rom_symdef.txt ABSOLUTE
    ke_event_init                            0x00032091   Thumb Code     0  rom_symdef.txt ABSOLUTE
    ke_event_callback_set                    0x0003209d   Thumb Code     0  rom_symdef.txt ABSOLUTE
    ke_event_set                             0x000320b1   Thumb Code     0  rom_symdef.txt ABSOLUTE
    ke_event_clear                           0x000320dd   Thumb Code     0  rom_symdef.txt ABSOLUTE
    ke_event_get                             0x00032109   Thumb Code     0  rom_symdef.txt ABSOLUTE
    ke_event_get_all                         0x0003212f   Thumb Code     0  rom_symdef.txt ABSOLUTE
    ke_event_flush                           0x00032135   Thumb Code     0  rom_symdef.txt ABSOLUTE
    ke_event_schedule                        0x0003213d   Thumb Code     0  rom_symdef.txt ABSOLUTE
    ke_mem_init                              0x0003218d   Thumb Code     0  rom_symdef.txt ABSOLUTE
    ke_mem_is_empty                          0x000321d7   Thumb Code     0  rom_symdef.txt ABSOLUTE
    ke_malloc                                0x00032215   Thumb Code     0  rom_symdef.txt ABSOLUTE
    ke_free                                  0x000322d7   Thumb Code     0  rom_symdef.txt ABSOLUTE
    ke_msg_alloc                             0x000323b1   Thumb Code     0  rom_symdef.txt ABSOLUTE
    ke_msg_send                              0x000323e1   Thumb Code     0  rom_symdef.txt ABSOLUTE
    ke_msg_send_basic                        0x0003240d   Thumb Code     0  rom_symdef.txt ABSOLUTE
    ke_msg_forward                           0x0003241b   Thumb Code     0  rom_symdef.txt ABSOLUTE
    ke_msg_forward_new_id                    0x00032425   Thumb Code     0  rom_symdef.txt ABSOLUTE
    ke_msg_free                              0x00032435   Thumb Code     0  rom_symdef.txt ABSOLUTE
    ke_queue_extract                         0x00032441   Thumb Code     0  rom_symdef.txt ABSOLUTE
    ke_queue_insert                          0x0003247f   Thumb Code     0  rom_symdef.txt ABSOLUTE
    ke_task_init                             0x0003256d   Thumb Code     0  rom_symdef.txt ABSOLUTE
    ke_task_create                           0x00032587   Thumb Code     0  rom_symdef.txt ABSOLUTE
    ke_task_delete                           0x000325e1   Thumb Code     0  rom_symdef.txt ABSOLUTE
    ke_state_set                             0x00032631   Thumb Code     0  rom_symdef.txt ABSOLUTE
    ke_state_get                             0x000326b3   Thumb Code     0  rom_symdef.txt ABSOLUTE
    ke_msg_discard                           0x000326e3   Thumb Code     0  rom_symdef.txt ABSOLUTE
    ke_msg_save                              0x000326e7   Thumb Code     0  rom_symdef.txt ABSOLUTE
    ke_task_handler_get                      0x000326eb   Thumb Code     0  rom_symdef.txt ABSOLUTE
    ke_timer_init                            0x00032813   Thumb Code     0  rom_symdef.txt ABSOLUTE
    ke_timer_init_func                       0x00032819   Thumb Code     0  rom_symdef.txt ABSOLUTE
    ke_timer_set                             0x00032825   Thumb Code     0  rom_symdef.txt ABSOLUTE
    ke_timer_clear                           0x000328a5   Thumb Code     0  rom_symdef.txt ABSOLUTE
    ke_timer_active                          0x000328fb   Thumb Code     0  rom_symdef.txt ABSOLUTE
    ke_timer_sleep_check                     0x00032921   Thumb Code     0  rom_symdef.txt ABSOLUTE
    ke_time                                  0x0003297d   Thumb Code     0  rom_symdef.txt ABSOLUTE
    nvds_get                                 0x000329d1   Thumb Code     0  rom_symdef.txt ABSOLUTE
    nvds_get_func                            0x000329d7   Thumb Code     0  rom_symdef.txt ABSOLUTE
    nvds_init                                0x00032bcf   Thumb Code     0  rom_symdef.txt ABSOLUTE
    rwble_hl_init                            0x00032be5   Thumb Code     0  rom_symdef.txt ABSOLUTE
    rwble_hl_send_message                    0x00032c0b   Thumb Code     0  rom_symdef.txt ABSOLUTE
    ble_regs_push                            0x00032c0d   Thumb Code     0  rom_symdef.txt ABSOLUTE
    ble_regs_pop                             0x00032c65   Thumb Code     0  rom_symdef.txt ABSOLUTE
    rf_init                                  0x00032cbd   Thumb Code     0  rom_symdef.txt ABSOLUTE
    rf_reinit                                0x00032cc3   Thumb Code     0  rom_symdef.txt ABSOLUTE
    rwip_init                                0x00032ccb   Thumb Code     0  rom_symdef.txt ABSOLUTE
    rwip_reset                               0x00032d8d   Thumb Code     0  rom_symdef.txt ABSOLUTE
    rwip_version                             0x00032db9   Thumb Code     0  rom_symdef.txt ABSOLUTE
    rwip_prevent_sleep_get                   0x00032dc1   Thumb Code     0  rom_symdef.txt ABSOLUTE
    rwip_schedule                            0x00032dc9   Thumb Code     0  rom_symdef.txt ABSOLUTE
    rwip_prevent_sleep_set                   0x00032eb7   Thumb Code     0  rom_symdef.txt ABSOLUTE
    rwip_wakeup                              0x00032edb   Thumb Code     0  rom_symdef.txt ABSOLUTE
    rwip_prevent_sleep_clear                 0x00032eed   Thumb Code     0  rom_symdef.txt ABSOLUTE
    rwip_wakeup_end                          0x00032f11   Thumb Code     0  rom_symdef.txt ABSOLUTE
    rwip_wakeup_delay_set                    0x00032f2f   Thumb Code     0  rom_symdef.txt ABSOLUTE
    rwip_sleep_enable                        0x00032f3f   Thumb Code     0  rom_symdef.txt ABSOLUTE
    rwip_ext_wakeup_enable                   0x00032f47   Thumb Code     0  rom_symdef.txt ABSOLUTE
    rwble_init                               0x00032f71   Thumb Code     0  rom_symdef.txt ABSOLUTE
    rwble_reset                              0x00032fd5   Thumb Code     0  rom_symdef.txt ABSOLUTE
    rwble_version                            0x00033003   Thumb Code     0  rom_symdef.txt ABSOLUTE
    rwble_get_clock                          0x0003302d   Thumb Code     0  rom_symdef.txt ABSOLUTE
    $Super$$BLE_FINETGTIM_Handler            0x00033105   Thumb Code     0  rom_symdef.txt ABSOLUTE
    BLE_GROSSTGTIM_Handler                   0x0003310d   Thumb Code     0  rom_symdef.txt ABSOLUTE
    $Super$$BLE_CSCNT_Handler                0x00033115   Thumb Code     0  rom_symdef.txt ABSOLUTE
    BLE_ERROR_Handler                        0x0003318d   Thumb Code     0  rom_symdef.txt ABSOLUTE
    BLE_CRYPT_Handler                        0x000331ad   Thumb Code     0  rom_symdef.txt ABSOLUTE
    func_check_mem                           0x000331eb   Thumb Code     0  rom_symdef.txt ABSOLUTE
    test_rxdone                              0x0003323d   Thumb Code     0  rom_symdef.txt ABSOLUTE
    prf_create                               0x000339fd   Thumb Code     0  rom_symdef.txt ABSOLUTE
    prf_init                                 0x00033a23   Thumb Code     0  rom_symdef.txt ABSOLUTE
    prf_cleanup                              0x00033a2b   Thumb Code     0  rom_symdef.txt ABSOLUTE
    __aeabi_uidiv                            0x00033aa7   Thumb Code     0  rom_symdef.txt ABSOLUTE
    __aeabi_uidivmod                         0x00033aa7   Thumb Code     0  rom_symdef.txt ABSOLUTE
    __aeabi_idiv                             0x00033ad3   Thumb Code     0  rom_symdef.txt ABSOLUTE
    __aeabi_idivmod                          0x00033ad3   Thumb Code     0  rom_symdef.txt ABSOLUTE
    rand                                     0x00033afd   Thumb Code     0  rom_symdef.txt ABSOLUTE
    srand                                    0x00033b0f   Thumb Code     0  rom_symdef.txt ABSOLUTE
    __aeabi_memcpy                           0x00033b21   Thumb Code     0  rom_symdef.txt ABSOLUTE
    __aeabi_memcpy4                          0x00033b21   Thumb Code     0  rom_symdef.txt ABSOLUTE
    __aeabi_memcpy8                          0x00033b21   Thumb Code     0  rom_symdef.txt ABSOLUTE
    __aeabi_memset                           0x00033b45   Thumb Code     0  rom_symdef.txt ABSOLUTE
    __aeabi_memset4                          0x00033b45   Thumb Code     0  rom_symdef.txt ABSOLUTE
    __aeabi_memset8                          0x00033b45   Thumb Code     0  rom_symdef.txt ABSOLUTE
    __aeabi_memclr                           0x00033b53   Thumb Code     0  rom_symdef.txt ABSOLUTE
    __aeabi_memclr4                          0x00033b53   Thumb Code     0  rom_symdef.txt ABSOLUTE
    __aeabi_memclr8                          0x00033b53   Thumb Code     0  rom_symdef.txt ABSOLUTE
    _memset$wrapper                          0x00033b57   Thumb Code     0  rom_symdef.txt ABSOLUTE
    strlen                                   0x00033b69   Thumb Code     0  rom_symdef.txt ABSOLUTE
    memcmp                                   0x00033b77   Thumb Code     0  rom_symdef.txt ABSOLUTE
    __aeabi_dmul                             0x00033b91   Thumb Code     0  rom_symdef.txt ABSOLUTE
    __aeabi_i2d                              0x00033c61   Thumb Code     0  rom_symdef.txt ABSOLUTE
    __aeabi_ui2d                             0x00033c89   Thumb Code     0  rom_symdef.txt ABSOLUTE
    __aeabi_cdcmpeq                          0x00033ca5   Thumb Code     0  rom_symdef.txt ABSOLUTE
    __aeabi_cdcmple                          0x00033ca5   Thumb Code     0  rom_symdef.txt ABSOLUTE
    __I$use$fp                               0x00033ccd   Thumb Code     0  rom_symdef.txt ABSOLUTE
    _double_round                            0x00033ccd   Thumb Code     0  rom_symdef.txt ABSOLUTE
    _double_epilogue                         0x00033ce7   Thumb Code     0  rom_symdef.txt ABSOLUTE
    __aeabi_llsl                             0x00033d8d   Thumb Code     0  rom_symdef.txt ABSOLUTE
    _ll_shift_l                              0x00033d8d   Thumb Code     0  rom_symdef.txt ABSOLUTE
    __aeabi_llsr                             0x00033dad   Thumb Code     0  rom_symdef.txt ABSOLUTE
    _ll_ushift_r                             0x00033dad   Thumb Code     0  rom_symdef.txt ABSOLUTE
    __ARM_clz                                0x00033dcf   Thumb Code     0  rom_symdef.txt ABSOLUTE
    __ARM_common_switch8                     0x00033dfd   Thumb Code     0  rom_symdef.txt ABSOLUTE
    uart_api                                 0x00033e18   Data           0  rom_symdef.txt ABSOLUTE
    co_sca2ppm                               0x00033e28   Data           0  rom_symdef.txt ABSOLUTE
    co_null_bdaddr                           0x00033e38   Data           0  rom_symdef.txt ABSOLUTE
    co_default_bdaddr                        0x00033e3e   Data           0  rom_symdef.txt ABSOLUTE
    dbg_default_handler                      0x00033f14   Data           0  rom_symdef.txt ABSOLUTE
    llc_default_state                        0x00033fac   Data           0  rom_symdef.txt ABSOLUTE
    llc_state_handler                        0x000340dc   Data           0  rom_symdef.txt ABSOLUTE
    llc_default_handler                      0x0003418c   Data           0  rom_symdef.txt ABSOLUTE
    llm_local_cmds                           0x000341bc   Data           0  rom_symdef.txt ABSOLUTE
    llm_local_le_feats                       0x000341fc   Data           0  rom_symdef.txt ABSOLUTE
    llm_local_le_states                      0x00034204   Data           0  rom_symdef.txt ABSOLUTE
    llm_default_state                        0x00034224   Data           0  rom_symdef.txt ABSOLUTE
    llm_state_handler                        0x00034354   Data           0  rom_symdef.txt ABSOLUTE
    llm_default_handler                      0x00034384   Data           0  rom_symdef.txt ABSOLUTE
    LLM_AA_CT1                               0x0003438c   Data           0  rom_symdef.txt ABSOLUTE
    LLM_AA_CT2                               0x0003438f   Data           0  rom_symdef.txt ABSOLUTE
    gtl_default_state                        0x000343a4   Data           0  rom_symdef.txt ABSOLUTE
    gtl_default_handler                      0x000343bc   Data           0  rom_symdef.txt ABSOLUTE
    attc_default_state                       0x000343d8   Data           0  rom_symdef.txt ABSOLUTE
    attc_state_handler                       0x000343f8   Data           0  rom_symdef.txt ABSOLUTE
    attc_default_handler                     0x00034410   Data           0  rom_symdef.txt ABSOLUTE
    attm_default_state                       0x00034428   Data           0  rom_symdef.txt ABSOLUTE
    attm_state_handler                       0x00034480   Data           0  rom_symdef.txt ABSOLUTE
    attm_default_handler                     0x00034488   Data           0  rom_symdef.txt ABSOLUTE
    atts_default_state                       0x000344a0   Data           0  rom_symdef.txt ABSOLUTE
    atts_state_handler                       0x000344d0   Data           0  rom_symdef.txt ABSOLUTE
    atts_default_handler                     0x000344f8   Data           0  rom_symdef.txt ABSOLUTE
    gattc_default_state                      0x00034510   Data           0  rom_symdef.txt ABSOLUTE
    gattc_state_handler                      0x00034598   Data           0  rom_symdef.txt ABSOLUTE
    gattc_default_handler                    0x000345b0   Data           0  rom_symdef.txt ABSOLUTE
    gattm_default_state                      0x00034604   Data           0  rom_symdef.txt ABSOLUTE
    gattm_state_handler                      0x00034614   Data           0  rom_symdef.txt ABSOLUTE
    gattm_default_handler                    0x00034624   Data           0  rom_symdef.txt ABSOLUTE
    l2cc_default_state                       0x0003463c   Data           0  rom_symdef.txt ABSOLUTE
    l2cc_state_handler                       0x00034654   Data           0  rom_symdef.txt ABSOLUTE
    l2cc_default_handler                     0x0003466c   Data           0  rom_symdef.txt ABSOLUTE
    l2cm_default_state                       0x00034684   Data           0  rom_symdef.txt ABSOLUTE
    l2cm_state_handler                       0x0003468c   Data           0  rom_symdef.txt ABSOLUTE
    l2cm_default_handler                     0x00034694   Data           0  rom_symdef.txt ABSOLUTE
    smpc_default_state                       0x000346c8   Data           0  rom_symdef.txt ABSOLUTE
    smpc_state_handler                       0x00034760   Data           0  rom_symdef.txt ABSOLUTE
    smpc_default_handler                     0x00034780   Data           0  rom_symdef.txt ABSOLUTE
    smpm_default_state                       0x00034798   Data           0  rom_symdef.txt ABSOLUTE
    smpm_state_handler                       0x000347d0   Data           0  rom_symdef.txt ABSOLUTE
    smpm_default_handler                     0x000347e0   Data           0  rom_symdef.txt ABSOLUTE
    gapc_default_state                       0x000347f8   Data           0  rom_symdef.txt ABSOLUTE
    gapc_state_handler                       0x00034910   Data           0  rom_symdef.txt ABSOLUTE
    gapc_default_handler                     0x00034928   Data           0  rom_symdef.txt ABSOLUTE
    gapm_default_state                       0x000349ec   Data           0  rom_symdef.txt ABSOLUTE
    gapm_state_handler                       0x00034b94   Data           0  rom_symdef.txt ABSOLUTE
    gapm_default_handler                     0x00034bbc   Data           0  rom_symdef.txt ABSOLUTE
    smpc_construct_pdu                       0x00034ce8   Data           0  rom_symdef.txt ABSOLUTE
    smpc_recv_pdu                            0x00034d18   Data           0  rom_symdef.txt ABSOLUTE
    dummy                                    0x00080000   Data           0  rom_symdef.txt ABSOLUTE
    sleep_env                                0x00080254   Data           0  rom_symdef.txt ABSOLUTE
    iq_trim_bias_ctrl1_reg                   0x00080256   Data           0  rom_symdef.txt ABSOLUTE
    co_buf_env                               0x00080258   Data           0  rom_symdef.txt ABSOLUTE
    dbg_state                                0x00080348   Data           0  rom_symdef.txt ABSOLUTE
    iq_trim_rf_mixer_ctrl1_reg               0x0008034a   Data           0  rom_symdef.txt ABSOLUTE
    llc_env                                  0x0008034c   Data           0  rom_symdef.txt ABSOLUTE
    llc_state                                0x00080364   Data           0  rom_symdef.txt ABSOLUTE
    ret_winsize_var                          0x0008036a   Data           0  rom_symdef.txt ABSOLUTE
    lld_evt_env                              0x0008036c   Data           0  rom_symdef.txt ABSOLUTE
    lld_sleep_env                            0x0008038c   Data           0  rom_symdef.txt ABSOLUTE
    llm_le_env                               0x00080390   Data           0  rom_symdef.txt ABSOLUTE
    llm_le_env_lpus                          0x000803e4   Data           0  rom_symdef.txt ABSOLUTE
    llm_bt_env                               0x0008042a   Data           0  rom_symdef.txt ABSOLUTE
    llm_state                                0x00080432   Data           0  rom_symdef.txt ABSOLUTE
    uart_env                                 0x00080434   Data           0  rom_symdef.txt ABSOLUTE
    vcocal_ctrl_reg_val                      0x00080452   Data           0  rom_symdef.txt ABSOLUTE
    last_temp_count                          0x00080478   Data           0  rom_symdef.txt ABSOLUTE
    last_temp_time                           0x0008047c   Data           0  rom_symdef.txt ABSOLUTE
    gtl_env                                  0x00080480   Data           0  rom_symdef.txt ABSOLUTE
    gtl_state                                0x000804a4   Data           0  rom_symdef.txt ABSOLUTE
    attc_state                               0x000804a5   Data           0  rom_symdef.txt ABSOLUTE
    attm_env                                 0x000804ac   Data           0  rom_symdef.txt ABSOLUTE
    attm_state                               0x000804b4   Data           0  rom_symdef.txt ABSOLUTE
    atts_env                                 0x000804b8   Data           0  rom_symdef.txt ABSOLUTE
    atts_state                               0x000804d0   Data           0  rom_symdef.txt ABSOLUTE
    gattc_env                                0x000804d8   Data           0  rom_symdef.txt ABSOLUTE
    gattc_state                              0x000804f0   Data           0  rom_symdef.txt ABSOLUTE
    gattm_env                                0x000804f6   Data           0  rom_symdef.txt ABSOLUTE
    gattm_state                              0x000804fc   Data           0  rom_symdef.txt ABSOLUTE
    l2cc_env                                 0x00080500   Data           0  rom_symdef.txt ABSOLUTE
    l2cc_state                               0x00080518   Data           0  rom_symdef.txt ABSOLUTE
    l2cm_env                                 0x0008051e   Data           0  rom_symdef.txt ABSOLUTE
    l2cm_state                               0x00080524   Data           0  rom_symdef.txt ABSOLUTE
    smpc_env                                 0x00080528   Data           0  rom_symdef.txt ABSOLUTE
    smpc_state                               0x00080540   Data           0  rom_symdef.txt ABSOLUTE
    smpm_env                                 0x00080548   Data           0  rom_symdef.txt ABSOLUTE
    smpm_state                               0x00080550   Data           0  rom_symdef.txt ABSOLUTE
    gapc_env                                 0x00080554   Data           0  rom_symdef.txt ABSOLUTE
    gapc_state                               0x0008056c   Data           0  rom_symdef.txt ABSOLUTE
    gap_cfg_table                            0x00080574   Data           0  rom_symdef.txt ABSOLUTE
    gapm_env                                 0x00080578   Data           0  rom_symdef.txt ABSOLUTE
    gapm_state                               0x000805a4   Data           0  rom_symdef.txt ABSOLUTE
    ke_env                                   0x000805a8   Data           0  rom_symdef.txt ABSOLUTE
    ke_task_env                              0x00080604   Data           0  rom_symdef.txt ABSOLUTE
    nvds_data_ptr                            0x000806c0   Data           0  rom_symdef.txt ABSOLUTE
    func_check_mem_flag                      0x000806c4   Data           0  rom_symdef.txt ABSOLUTE
    ke_mem_heaps_used                        0x000806c5   Data           0  rom_symdef.txt ABSOLUTE
    rwip_env                                 0x000806c6   Data           0  rom_symdef.txt ABSOLUTE
    ble_reg_save                             0x000806cc   Data           0  rom_symdef.txt ABSOLUTE
    rwip_rf                                  0x0008071c   Data           0  rom_symdef.txt ABSOLUTE
    rwip_heap_db_ret                         0x00080768   Data        1036  jump_table.o(heap_db_area)
    rwip_heap_env_ret                        0x00080b74   Data         340  jump_table.o(heap_env_area)
    rwip_heap_msg_ret                        0x00080cc8   Data        1324  jump_table.o(heap_msg_area)
    descript                                 0x00082a20   Data        1502  arch_main.o(BLE_exchange_memory)
    __Vectors                                0x20000000   Data           4  boot_vectors.o(RESET)
    __Vectors_End                            0x200000a0   Data           0  boot_vectors.o(RESET)
    jump_table_base                          0x20000160   Data         352  jump_table.o(jump_table_mem_area)
    gap_timeout_table                        0x200002c0   Data         100  gapm.o(timeout_table_area)
    nvds_data_storage                        0x20000340   Data         164  nvds.o(nvds_data_storage_area)
    __main                                   0x20000441   Thumb Code     0  entry.o(.ARM.Collect$$$$00000000)
    _main_stk                                0x20000441   Thumb Code     0  entry2.o(.ARM.Collect$$$$00000001)
    _main_scatterload                        0x20000445   Thumb Code     0  entry5.o(.ARM.Collect$$$$00000004)
    __main_after_scatterload                 0x20000449   Thumb Code     0  entry5.o(.ARM.Collect$$$$00000004)
    _main_clock                              0x20000449   Thumb Code     0  entry7b.o(.ARM.Collect$$$$00000008)
    _main_cpp_init                           0x20000449   Thumb Code     0  entry8b.o(.ARM.Collect$$$$0000000A)
    _main_init                               0x20000449   Thumb Code     0  entry9a.o(.ARM.Collect$$$$0000000B)
    __rt_final_cpp                           0x20000451   Thumb Code     0  entry10a.o(.ARM.Collect$$$$0000000D)
    __rt_final_exit                          0x20000451   Thumb Code     0  entry11a.o(.ARM.Collect$$$$0000000F)
    SystemInit                               0x20000455   Thumb Code    60  system_armcm0.o(.text)
    Reset_Handler                            0x200004a1   Thumb Code     8  boot_vectors.o(.text)
    PendSV_Handler                           0x200004f1   Thumb Code     2  boot_vectors.o(.text)
    SysTick_Handler                          0x200004f3   Thumb Code     2  boot_vectors.o(.text)
    ADC_Handler                              0x200004f5   Thumb Code     0  boot_vectors.o(.text)
    I2C_Handler                              0x200004f5   Thumb Code     0  boot_vectors.o(.text)
    KEYBRD_Handler                           0x200004f5   Thumb Code     0  boot_vectors.o(.text)
    RFCAL_Handler                            0x200004f5   Thumb Code     0  boot_vectors.o(.text)
    SPI_Handler                              0x200004f5   Thumb Code     0  boot_vectors.o(.text)
    SWTIM_Handler                            0x200004f5   Thumb Code     0  boot_vectors.o(.text)
    UART2_Handler                            0x200004f5   Thumb Code     0  boot_vectors.o(.text)
    WKUP_QUADEC_Handler                      0x200004f5   Thumb Code     0  boot_vectors.o(.text)
    HardFault_HandlerC                       0x2000050d   Thumb Code    86  hardfault_handler.o(.text)
    lld_sleep_init_func                      0x2000056d   Thumb Code    26  arch_main.o(.text)
    main_func                                0x20000587   Thumb Code   574  arch_main.o(.text)
    dummyf                                   0x20000815   Thumb Code     2  jump_table.o(.text)
    app_disable_sleep                        0x20000819   Thumb Code    26  arch_sleep.o(.text)
    app_set_extended_sleep                   0x20000833   Thumb Code    26  arch_sleep.o(.text)
    app_set_deep_sleep                       0x2000084d   Thumb Code    28  arch_sleep.o(.text)
    app_restore_sleep_mode                   0x20000869   Thumb Code    68  arch_sleep.o(.text)
    app_force_active_mode                    0x200008ad   Thumb Code    30  arch_sleep.o(.text)
    app_ble_ext_wakeup_on                    0x200008cb   Thumb Code     8  arch_sleep.o(.text)
    app_ble_ext_wakeup_off                   0x200008d3   Thumb Code     8  arch_sleep.o(.text)
    app_ble_ext_wakeup_get                   0x200008db   Thumb Code     6  arch_sleep.o(.text)
    app_ble_force_wakeup                     0x200008e1   Thumb Code    46  arch_sleep.o(.text)
    app_last_rwble_evt_get                   0x2000090f   Thumb Code     6  arch_sleep.o(.text)
    NMI_HandlerC                             0x20000929   Thumb Code   126  nmi_handler.o(.text)
    GPIO_reservations                        0x200009b9   Thumb Code   112  periph_setup.o(.text)
    set_pad_functions                        0x20000a29   Thumb Code    52  periph_setup.o(.text)
    periph_init                              0x20000a5d   Thumb Code    66  periph_setup.o(.text)
    select_lp_clk                            0x20000aad   Thumb Code     8  arch_system.o(.text)
    init_pwr_and_clk_ble                     0x20000ab5   Thumb Code   196  arch_system.o(.text)
    set_pxact_gpio                           0x20000b79   Thumb Code    24  arch_system.o(.text)
    calibrate_rcx20                          0x20000b91   Thumb Code     2  arch_system.o(.text)
    read_rcx_freq                            0x20000b93   Thumb Code     2  arch_system.o(.text)
    set_sleep_delay                          0x20000b95   Thumb Code    10  arch_system.o(.text)
    get_rc16m_count_func                     0x20000b9f   Thumb Code    28  arch_system.o(.text)
    conditionally_run_radio_cals             0x20000bbb   Thumb Code    82  arch_system.o(.text)
    lld_sleep_us_2_lpcycles_rcx_func         0x20000c0d   Thumb Code     6  arch_system.o(.text)
    lld_sleep_lpcycles_2_us_rcx_func         0x20000c13   Thumb Code     6  arch_system.o(.text)
    lld_sleep_us_2_lpcycles_sel_func         0x20000c19   Thumb Code    10  arch_system.o(.text)
    lld_sleep_lpcycles_2_us_sel_func         0x20000c23   Thumb Code    10  arch_system.o(.text)
    uart_flow_off_func                       0x20000c2d   Thumb Code    58  arch_system.o(.text)
    calculate_arch_adv_time                  0x20000c67   Thumb Code    12  arch_system.o(.text)
    init_rand_seed_from_trng                 0x20000c73   Thumb Code    16  arch_system.o(.text)
    check_sys_startup_period                 0x20000c83   Thumb Code    90  arch_system.o(.text)
    app_use_lower_clocks_check               0x20000cdd   Thumb Code     4  arch_system.o(.text)
    set_xtal16m_trim_value                   0x20000ce1   Thumb Code    82  arch_system.o(.text)
    patch_llm_task                           0x20000de3   Thumb Code    36  arch_patch.o(.text)
    patch_gtl_task                           0x20000e4b   Thumb Code    42  arch_patch.o(.text)
    SVC_Handler_c                            0x20000e8b   Thumb Code    24  arch_patch.o(.text)
    patch_func                               0x20000ea3   Thumb Code    98  arch_patch.o(.text)
    l2cc_pdu_recv_ind_handler                0x20000f65   Thumb Code   232  atts_task.obj(.text)
    my_llc_con_update_req_ind                0x20001051   Thumb Code   100  ch_map.obj(.text)
    my_llc_ch_map_req_ind                    0x200010b5   Thumb Code    84  ch_map.obj(.text)
    patched_gapm_adv_op_sanity               0x20001115   Thumb Code   208  gapm_util.obj(.text)
    ke_task_init_func                        0x20001327   Thumb Code    20  ke_task.obj(.text)
    smpc_send_pairing_req_ind                0x2000134d   Thumb Code   190  smpc.obj(.text)
    smpc_check_pairing_feat                  0x2000140b   Thumb Code    38  smpc.obj(.text)
    smpc_pairing_cfm_handler                 0x20001439   Thumb Code   528  smpc_task.obj(.text)
    my_llcp_con_up_req_handler               0x2000166b   Thumb Code    30  llc.obj(.text)
    patch_llc_task                           0x200016f3   Thumb Code    36  llc.obj(.text)
    syscntl_set_dcdc_vbat3v_level            0x2000172d   Thumb Code    18  syscntl.o(.text)
    syscntl_use_lowest_amba_clocks           0x2000173f   Thumb Code    22  syscntl.o(.text)
    syscntl_use_highest_amba_clocks          0x20001755   Thumb Code    22  syscntl.o(.text)
    iq_trim_from_otp                         0x20001771   Thumb Code    54  rf_580.o(.text)
    rf_reg_rd                                0x200017a7   Thumb Code     4  rf_580.o(.text)
    rf_reg_wr                                0x200017ab   Thumb Code     2  rf_580.o(.text)
    rf_reset                                 0x200017ad   Thumb Code     2  rf_580.o(.text)
    rf_force_agc_enable                      0x200017af   Thumb Code     2  rf_580.o(.text)
    rf_txpwr_dbm_get                         0x200017b1   Thumb Code     4  rf_580.o(.text)
    rf_regs                                  0x200017c5   Thumb Code   226  rf_580.o(.text)
    rf_init_func                             0x200018ab   Thumb Code   138  rf_580.o(.text)
    rf_reinit_func                           0x20001935   Thumb Code   120  rf_580.o(.text)
    rf_nfm_is_enabled                        0x200019ad   Thumb Code     6  rf_580.o(.text)
    rf_nfm_enable                            0x200019b3   Thumb Code    14  rf_580.o(.text)
    rf_nfm_disable                           0x200019c1   Thumb Code    14  rf_580.o(.text)
    GPIO_init                                0x20001a81   Thumb Code   140  gpio.o(.text)
    GPIO_SetPinFunction                      0x20001b0d   Thumb Code    66  gpio.o(.text)
    GPIO_SetInactive                         0x20001b4f   Thumb Code    14  gpio.o(.text)
    GPIO_SetActive                           0x20001b5d   Thumb Code    60  gpio.o(.text)
    GPIO_ConfigurePin                        0x20001b99   Thumb Code    42  gpio.o(.text)
    GPIO_ConfigurePinPower                   0x20001bc3   Thumb Code    84  gpio.o(.text)
    GPIO_GetPinStatus                        0x20001c17   Thumb Code    26  gpio.o(.text)
    GPIO_EnableIRQ                           0x20001c31   Thumb Code   624  gpio.o(.text)
    GPIO_GetIRQInputLevel                    0x20001ea1   Thumb Code   140  gpio.o(.text)
    GPIO_SetIRQInputLevel                    0x20001f2d   Thumb Code   144  gpio.o(.text)
    GPIO_ResetIRQ                            0x20001fbd   Thumb Code   146  gpio.o(.text)
    GPIO_RegisterCallback                    0x2000204f   Thumb Code    12  gpio.o(.text)
    GPIOn_Handler                            0x2000205b   Thumb Code    40  gpio.o(.text)
    GPIO0_Handler                            0x20002083   Thumb Code     4  gpio.o(.text)
    GPIO1_Handler                            0x20002087   Thumb Code     4  gpio.o(.text)
    GPIO2_Handler                            0x2000208b   Thumb Code     4  gpio.o(.text)
    GPIO3_Handler                            0x2000208f   Thumb Code     4  gpio.o(.text)
    GPIO4_Handler                            0x20002093   Thumb Code     4  gpio.o(.text)
    rfpt_init                                0x200020a5   Thumb Code    76  trng.o(.text)
    trng_init                                0x200020f1   Thumb Code    96  trng.o(.text)
    trng_get_raw_data                        0x20002151   Thumb Code    18  trng.o(.text)
    trng_acquire                             0x20002163   Thumb Code   214  trng.o(.text)
    bsp_DelayUS                              0x20002259   Thumb Code    30  temp.o(.text)
    MY1605A_Read_Byte                        0x20002277   Thumb Code   106  temp.o(.text)
    MY1605A_Write_Byte                       0x20002385   Thumb Code   104  temp.o(.text)
    MY1605A_Read_Temperaure                  0x200023ed   Thumb Code    86  temp.o(.text)
    MY1605A_RECALL                           0x20002443   Thumb Code    24  temp.o(.text)
    custom_nvds_get_func                     0x20002465   Thumb Code    56  nvds.o(.text)
    nvds_read_bdaddr_from_otp                0x2000249d   Thumb Code    50  nvds.o(.text)
    rwip_sleep                               0x200024e9   Thumb Code   358  rwip.o(.text)
    measure_errors_received                  0x20002675   Thumb Code   104  rwble.o(.text)
    lld_sleep_compensate_func_patched        0x200026dd   Thumb Code    66  rwble.o(.text)
    power_up                                 0x2000271f   Thumb Code    76  rwble.o(.text)
    BLE_WAKEUP_LP_Handler                    0x2000276b   Thumb Code   104  rwble.o(.text)
    BLE_SLP_Handler                          0x200027d3   Thumb Code   100  rwble.o(.text)
    BLE_CSCNT_Handler                        0x20002837   Thumb Code    18  rwble.o(.text)
    BLE_FINETGTIM_Handler                    0x20002849   Thumb Code    18  rwble.o(.text)
    BLE_RX_Handler                           0x2000285b   Thumb Code    18  rwble.o(.text)
    BLE_EVENT_Handler                        0x2000286d   Thumb Code    98  rwble.o(.text)
    BLE_RF_DIAG_Handler                      0x200028cf   Thumb Code    90  rwble.o(.text)
    streamdatad_init                         0x20002985   Thumb Code    28  streamdatad.o(.text)
    streamdatad_streamonoff                  0x200029a1   Thumb Code   158  streamdatad.o(.text)
    streamdatad_send_data_packet             0x20002a3f   Thumb Code   108  streamdatad.o(.text)
    streamdatad_send_data_packets_req_handler 0x20002b75   Thumb Code   188  streamdatad_task.o(.text)
    prf_server_error_ind_send                0x20002cd1   Thumb Code    44  prf_utils.o(.text)
    prf_server_send_event                    0x20002cfd   Thumb Code    42  prf_utils.o(.text)
    prf_pack_date_time                       0x20002d27   Thumb Code    32  prf_utils.o(.text)
    prf_unpack_date_time                     0x20002d47   Thumb Code    34  prf_utils.o(.text)
    prf_init_func                            0x20002d69   Thumb Code     8  prf_utils.o(.text)
    prf_cleanup_func                         0x20002d71   Thumb Code    54  prf_utils.o(.text)
    app_sec_gen_tk                           0x20002dad   Thumb Code    18  app_sec.o(.text)
    app_sec_gen_ltk                          0x20002dbf   Thumb Code    74  app_sec.o(.text)
    app_sec_init                             0x20002e09   Thumb Code    16  app_sec.o(.text)
    app_security_start                       0x20002e19   Thumb Code    46  app_sec.o(.text)
    gapc_bond_req_ind_handler                0x20002e5d   Thumb Code    82  app_sec_task.o(.text)
    gapc_bond_ind_handler                    0x20002eaf   Thumb Code    66  app_sec_task.o(.text)
    gapc_encrypt_req_ind_handler             0x20002ef1   Thumb Code   120  app_sec_task.o(.text)
    gapc_encrypt_ind_handler                 0x20002f69   Thumb Code    10  app_sec_task.o(.text)
    app_init                                 0x20002f81   Thumb Code    62  app.o(.text)
    app_db_init                              0x20002fbf   Thumb Code     8  app.o(.text)
    app_disconnect                           0x20002fc7   Thumb Code    34  app.o(.text)
    app_connect_confirm                      0x20002fe9   Thumb Code    42  app.o(.text)
    app_adv_start                            0x20003013   Thumb Code    36  app.o(.text)
    app_adv_stop                             0x20003037   Thumb Code    26  app.o(.text)
    app_param_update_start                   0x20003051   Thumb Code     8  app.o(.text)
    app_timer_set                            0x20003059   Thumb Code    24  app.o(.text)
    app_connect                              0x20003071   Thumb Code    62  app.o(.text)
    gapm_device_ready_ind_handler            0x200030c5   Thumb Code    36  app_task.o(.text)
    gapm_cmp_evt_handler                     0x200030e9   Thumb Code   130  app_task.o(.text)
    gapc_connection_req_ind_handler          0x2000316b   Thumb Code    32  app_task.o(.text)
    gapc_cmp_evt_handler                     0x2000318b   Thumb Code    50  app_task.o(.text)
    gapc_disconnect_ind_handler              0x200031bd   Thumb Code    12  app_task.o(.text)
    app_module_init_cmp_evt_handler          0x200031c9   Thumb Code    36  app_task.o(.text)
    gapm_adv_report_ind_handler              0x200031ed   Thumb Code    12  app_task.o(.text)
    app_init_func                            0x20003201   Thumb Code     2  app_throughput_peripheral_proj.o(.text)
    app_sec_init_func                        0x20003203   Thumb Code     2  app_throughput_peripheral_proj.o(.text)
    app_connection_func                      0x20003205   Thumb Code   100  app_throughput_peripheral_proj.o(.text)
    app_adv_func                             0x20003269   Thumb Code   212  app_throughput_peripheral_proj.o(.text)
    app_disconnect_func                      0x2000333d   Thumb Code    62  app_throughput_peripheral_proj.o(.text)
    app_db_init_func                         0x2000337b   Thumb Code    40  app_throughput_peripheral_proj.o(.text)
    app_param_update_func                    0x200033a3   Thumb Code     2  app_throughput_peripheral_proj.o(.text)
    app_configuration_func                   0x200033a5   Thumb Code    22  app_throughput_peripheral_proj.o(.text)
    app_set_dev_config_complete_func         0x200033bb   Thumb Code    42  app_throughput_peripheral_proj.o(.text)
    app_update_params_rejected_func          0x200033e5   Thumb Code     2  app_throughput_peripheral_proj.o(.text)
    app_update_params_complete_func          0x200033e7   Thumb Code     2  app_throughput_peripheral_proj.o(.text)
    app_adv_undirect_complete                0x200033e9   Thumb Code     2  app_throughput_peripheral_proj.o(.text)
    app_adv_direct_complete                  0x200033eb   Thumb Code     2  app_throughput_peripheral_proj.o(.text)
    app_db_init_complete_func                0x200033ed   Thumb Code     8  app_throughput_peripheral_proj.o(.text)
    app_scanning_completed_func              0x200033f5   Thumb Code     2  app_throughput_peripheral_proj.o(.text)
    app_connect_func                         0x200033f7   Thumb Code     2  app_throughput_peripheral_proj.o(.text)
    app_adv_report_ind_func                  0x200033f9   Thumb Code     2  app_throughput_peripheral_proj.o(.text)
    app_connect_failed_func                  0x200033fb   Thumb Code     2  app_throughput_peripheral_proj.o(.text)
    app_send_pairing_rsp_func                0x200033fd   Thumb Code     2  app_throughput_peripheral_proj.o(.text)
    app_send_tk_exch_func                    0x200033ff   Thumb Code     2  app_throughput_peripheral_proj.o(.text)
    app_send_irk_exch_func                   0x20003401   Thumb Code     2  app_throughput_peripheral_proj.o(.text)
    app_send_csrk_exch_func                  0x20003403   Thumb Code     2  app_throughput_peripheral_proj.o(.text)
    app_send_ltk_exch_func                   0x20003405   Thumb Code     2  app_throughput_peripheral_proj.o(.text)
    app_paired_func                          0x20003407   Thumb Code     2  app_throughput_peripheral_proj.o(.text)
    app_validate_encrypt_req_func            0x20003409   Thumb Code     4  app_throughput_peripheral_proj.o(.text)
    app_sec_encrypt_ind_func                 0x2000340d   Thumb Code     2  app_throughput_peripheral_proj.o(.text)
    app_sec_encrypt_complete_func            0x2000340f   Thumb Code     2  app_throughput_peripheral_proj.o(.text)
    app_mitm_passcode_entry_func             0x20003411   Thumb Code     2  app_throughput_peripheral_proj.o(.text)
    app_uart_test_req_handler                0x20003413   Thumb Code    34  app_throughput_peripheral_proj.o(.text)
    app_ext_disconnect_cmd_handler           0x20003435   Thumb Code    38  app_throughput_peripheral_proj.o(.text)
    test_pkt_init                            0x2000345b   Thumb Code    36  app_throughput_peripheral_proj.o(.text)
    app_ext_transmit_cmd_handler             0x2000347f   Thumb Code    32  app_throughput_peripheral_proj.o(.text)
    app_ext_stats_report_send                0x2000349f   Thumb Code    56  app_throughput_peripheral_proj.o(.text)
    test_callback                            0x200034d7   Thumb Code     8  app_throughput_peripheral_proj.o(.text)
    test_pkt_gen                             0x200034df   Thumb Code    82  app_throughput_peripheral_proj.o(.text)
    app_stream_create_db                     0x20003571   Thumb Code    24  app_streamdatad.o(.text)
    app_streamdatad_enable                   0x20003589   Thumb Code    30  app_streamdatad.o(.text)
    stream_create_db_cfm_handler             0x200035b1   Thumb Code    38  app_streamdatad_task.o(.text)
    stream_rcv_data_packet_ind_handler       0x200035d7   Thumb Code    12  app_streamdatad_task.o(.text)
    stream_setup_int_tomax                   0x200035e5   Thumb Code    36  app_stream_queue.o(.text)
    init_metrics                             0x20003609   Thumb Code    20  app_stream_queue.o(.text)
    metrics_packet_rx_func                   0x2000361d   Thumb Code    14  app_stream_queue.o(.text)
    add_packets_rx                           0x2000362b   Thumb Code    16  app_stream_queue.o(.text)
    calc_update                              0x2000363b   Thumb Code    92  app_stream_queue.o(.text)
    stream_fifo_init                         0x20003697   Thumb Code    24  app_stream_queue.o(.text)
    stream_fifo_add                          0x200036af   Thumb Code    68  app_stream_queue.o(.text)
    stream_fifo_check                        0x200036f3   Thumb Code    20  app_stream_queue.o(.text)
    send_pkt_to_l2cc                         0x20003707   Thumb Code    82  app_stream_queue.o(.text)
    stream_queue_more_data_during_tx         0x200037af   Thumb Code    68  app_stream_queue.o(.text)
    stream_queue_more_data_end_of_event      0x200037f3   Thumb Code    72  app_stream_queue.o(.text)
    stream_queue_more_data                   0x2000383b   Thumb Code    66  app_stream_queue.o(.text)
    __aeabi_ui2f                             0x2000389d   Thumb Code    14  ffltui.o(.text)
    __aeabi_f2uiz                            0x200038ab   Thumb Code    40  ffixui.o(.text)
    _float_round                             0x200038d3   Thumb Code    16  fepilogue.o(.text)
    _float_epilogue                          0x200038e3   Thumb Code   116  fepilogue.o(.text)
    __scatterload                            0x20003959   Thumb Code    28  init.o(.text)
    __scatterload_rt2                        0x20003959   Thumb Code     0  init.o(.text)
    Long Thumb to Thumb Veneer to set_system_clocks 0x2000397d   Thumb Code    12  anon$$obj.o(Veneer$$Code)
    Long Thumb to Thumb Veneer to srand      0x20003989   Thumb Code    12  anon$$obj.o(Veneer$$Code)
    Long Thumb to Thumb Veneer to rwip_init  0x20003995   Thumb Code    12  anon$$obj.o(Veneer$$Code)
    Long Thumb to Thumb Veneer to enable_rf_diag_irq 0x200039a1   Thumb Code    12  anon$$obj.o(Veneer$$Code)
    Long Thumb to Thumb Veneer to rwip_prevent_sleep_get 0x200039ad   Thumb Code    12  anon$$obj.o(Veneer$$Code)
    Long Thumb to Thumb Veneer to ke_event_get 0x200039b9   Thumb Code    12  anon$$obj.o(Veneer$$Code)
    Long Thumb to Thumb Veneer to rwip_schedule 0x200039c5   Thumb Code    12  anon$$obj.o(Veneer$$Code)
    Long Thumb to Thumb Veneer to lld_sleep_check 0x200039d1   Thumb Code    12  anon$$obj.o(Veneer$$Code)
    Long Thumb to Thumb Veneer to func_check_mem 0x200039dd   Thumb Code    12  anon$$obj.o(Veneer$$Code)
    Long Thumb to Thumb Veneer to test_rxdone 0x200039e9   Thumb Code    12  anon$$obj.o(Veneer$$Code)
    Long Thumb to Thumb Veneer to ke_mem_is_empty 0x200039f5   Thumb Code    12  anon$$obj.o(Veneer$$Code)
    Long Thumb to Thumb Veneer to app_get_sleep_mode 0x20003a01   Thumb Code    12  anon$$obj.o(Veneer$$Code)
    Long Thumb to Thumb Veneer to uart_init  0x20003a0d   Thumb Code    12  anon$$obj.o(Veneer$$Code)
    Long Thumb to Thumb Veneer to rwip_wakeup_delay_set 0x20003a19   Thumb Code    12  anon$$obj.o(Veneer$$Code)
    Long Thumb to Thumb Veneer to $Super$$get_rc16m_count_func 0x20003a25   Thumb Code    12  anon$$obj.o(Veneer$$Code)
    Long Thumb to Thumb Veneer to get_rc16m_count 0x20003a31   Thumb Code    12  anon$$obj.o(Veneer$$Code)
    Long Thumb to Thumb Veneer to pll_vcocal_LUT_InitUpdate 0x20003a3d   Thumb Code    12  anon$$obj.o(Veneer$$Code)
    Long Thumb to Thumb Veneer to rf_calibration 0x20003a49   Thumb Code    12  anon$$obj.o(Veneer$$Code)
    Long Thumb to Thumb Veneer to lld_sleep_us_2_lpcycles_func 0x20003a55   Thumb Code    12  anon$$obj.o(Veneer$$Code)
    Long Thumb to Thumb Veneer to lld_sleep_lpcycles_2_us_func 0x20003a61   Thumb Code    12  anon$$obj.o(Veneer$$Code)
    Long Thumb to Thumb Veneer to uart_flow_on 0x20003a6d   Thumb Code    12  anon$$obj.o(Veneer$$Code)
    Long Thumb to Thumb Veneer to ke_state_get 0x20003a79   Thumb Code    12  anon$$obj.o(Veneer$$Code)
    Long Thumb to Thumb Veneer to __ARM_common_switch8 0x20003a85   Thumb Code    12  anon$$obj.o(Veneer$$Code)
    Long Thumb to Thumb Veneer to TASK_LLM_lld_data_ind_handler 0x20003a91   Thumb Code    12  anon$$obj.o(Veneer$$Code)
    Long Thumb to Thumb Veneer to co_buf_rx_free 0x20003a9d   Thumb Code    12  anon$$obj.o(Veneer$$Code)
    Long Thumb to Thumb Veneer to co_list_push_back 0x20003aa9   Thumb Code    12  anon$$obj.o(Veneer$$Code)
    Long Thumb to Thumb Veneer to gtl_send_msg 0x20003ab5   Thumb Code    12  anon$$obj.o(Veneer$$Code)
    Long Thumb to Thumb Veneer to ke_state_set 0x20003ac1   Thumb Code    12  anon$$obj.o(Veneer$$Code)
    Long Thumb to Thumb Veneer to ke_timer_clear 0x20003acd   Thumb Code    12  anon$$obj.o(Veneer$$Code)
    Long Thumb to Thumb Veneer to atts_send_cmd_cmp 0x20003ad9   Thumb Code    12  anon$$obj.o(Veneer$$Code)
    Long Thumb to Thumb Veneer to atts_mtu_exc_resp 0x20003ae5   Thumb Code    12  anon$$obj.o(Veneer$$Code)
    Long Thumb to Thumb Veneer to atts_find_info_resp 0x20003af1   Thumb Code    12  anon$$obj.o(Veneer$$Code)
    Long Thumb to Thumb Veneer to atts_find_by_type_resp 0x20003afd   Thumb Code    12  anon$$obj.o(Veneer$$Code)
    Long Thumb to Thumb Veneer to atts_read_by_type_resp 0x20003b09   Thumb Code    12  anon$$obj.o(Veneer$$Code)
    Long Thumb to Thumb Veneer to atts_read_by_grp_type_resp 0x20003b15   Thumb Code    12  anon$$obj.o(Veneer$$Code)
    Long Thumb to Thumb Veneer to atts_read_resp 0x20003b21   Thumb Code    12  anon$$obj.o(Veneer$$Code)
    Long Thumb to Thumb Veneer to atts_read_blob_resp 0x20003b2d   Thumb Code    12  anon$$obj.o(Veneer$$Code)
    Long Thumb to Thumb Veneer to atts_read_mult_resp 0x20003b39   Thumb Code    12  anon$$obj.o(Veneer$$Code)
    Long Thumb to Thumb Veneer to atts_write_no_resp 0x20003b45   Thumb Code    12  anon$$obj.o(Veneer$$Code)
    Long Thumb to Thumb Veneer to atts_write_resp 0x20003b51   Thumb Code    12  anon$$obj.o(Veneer$$Code)
    Long Thumb to Thumb Veneer to atts_signed_write_resp 0x20003b5d   Thumb Code    12  anon$$obj.o(Veneer$$Code)
    Long Thumb to Thumb Veneer to atts_prepare_write_resp 0x20003b69   Thumb Code    12  anon$$obj.o(Veneer$$Code)
    Long Thumb to Thumb Veneer to atts_execute_write_resp 0x20003b75   Thumb Code    12  anon$$obj.o(Veneer$$Code)
    Long Thumb to Thumb Veneer to lld_con_update_ind 0x20003b81   Thumb Code    12  anon$$obj.o(Veneer$$Code)
    Long Thumb to Thumb Veneer to __aeabi_uidivmod 0x20003b8d   Thumb Code    12  anon$$obj.o(Veneer$$Code)
    Long Thumb to Thumb Veneer to llc_util_dicon_procedure 0x20003b99   Thumb Code    12  anon$$obj.o(Veneer$$Code)
    Long Thumb to Thumb Veneer to lld_ch_map_ind 0x20003ba5   Thumb Code    12  anon$$obj.o(Veneer$$Code)
    Long Thumb to Thumb Veneer to __aeabi_memcpy 0x20003bb1   Thumb Code    12  anon$$obj.o(Veneer$$Code)
    Long Thumb to Thumb Veneer to gapm_get_privacy_flag 0x20003bbd   Thumb Code    12  anon$$obj.o(Veneer$$Code)
    Long Thumb to Thumb Veneer to gapm_set_recon_addr 0x20003bc9   Thumb Code    12  anon$$obj.o(Veneer$$Code)
    Long Thumb to Thumb Veneer to co_list_pop_front 0x20003bd5   Thumb Code    12  anon$$obj.o(Veneer$$Code)
    Long Thumb to Thumb Veneer to ke_task_handler_get 0x20003be1   Thumb Code    12  anon$$obj.o(Veneer$$Code)
    Long Thumb to Thumb Veneer to ke_msg_free 0x20003bed   Thumb Code    12  anon$$obj.o(Veneer$$Code)
    Long Thumb to Thumb Veneer to ke_event_clear 0x20003bf9   Thumb Code    12  anon$$obj.o(Veneer$$Code)
    Long Thumb to Thumb Veneer to __aeabi_memclr4 0x20003c05   Thumb Code    12  anon$$obj.o(Veneer$$Code)
    Long Thumb to Thumb Veneer to ke_event_callback_set 0x20003c11   Thumb Code    12  anon$$obj.o(Veneer$$Code)
    Long Thumb to Thumb Veneer to ke_msg_alloc 0x20003c1d   Thumb Code    12  anon$$obj.o(Veneer$$Code)
    Long Thumb to Thumb Veneer to gapc_get_enc_keysize 0x20003c29   Thumb Code    12  anon$$obj.o(Veneer$$Code)
    Long Thumb to Thumb Veneer to gapc_get_role 0x20003c35   Thumb Code    12  anon$$obj.o(Veneer$$Code)
    Long Thumb to Thumb Veneer to ke_msg_send 0x20003c41   Thumb Code    12  anon$$obj.o(Veneer$$Code)
    Long Thumb to Thumb Veneer to smpc_generate_rand 0x20003c4d   Thumb Code    12  anon$$obj.o(Veneer$$Code)
    Long Thumb to Thumb Veneer to smpc_tkdp_send_continue 0x20003c59   Thumb Code    12  anon$$obj.o(Veneer$$Code)
    Long Thumb to Thumb Veneer to smpc_pdu_send 0x20003c65   Thumb Code    12  anon$$obj.o(Veneer$$Code)
    Long Thumb to Thumb Veneer to smpc_tkdp_rcp_start 0x20003c71   Thumb Code    12  anon$$obj.o(Veneer$$Code)
    Long Thumb to Thumb Veneer to smpc_pairing_end 0x20003c7d   Thumb Code    12  anon$$obj.o(Veneer$$Code)
    Long Thumb to Thumb Veneer to smpc_check_max_key_size 0x20003c89   Thumb Code    12  anon$$obj.o(Veneer$$Code)
    Long Thumb to Thumb Veneer to smpc_check_key_distrib 0x20003c95   Thumb Code    12  anon$$obj.o(Veneer$$Code)
    Long Thumb to Thumb Veneer to smpc_get_key_sec_prop 0x20003ca1   Thumb Code    12  anon$$obj.o(Veneer$$Code)
    Long Thumb to Thumb Veneer to smpc_is_sec_mode_reached 0x20003cad   Thumb Code    12  anon$$obj.o(Veneer$$Code)
    Long Thumb to Thumb Veneer to llc_le_con_update_cmd_handler 0x20003cb9   Thumb Code    12  anon$$obj.o(Veneer$$Code)
    Long Thumb to Thumb Veneer to llcp_con_up_req_handler 0x20003cc5   Thumb Code    12  anon$$obj.o(Veneer$$Code)
    Long Thumb to Thumb Veneer to lld_evt_int_extract 0x20003cd1   Thumb Code    12  anon$$obj.o(Veneer$$Code)
    Long Thumb to Thumb Veneer to ke_free    0x20003cdd   Thumb Code    12  anon$$obj.o(Veneer$$Code)
    Long Thumb to Thumb Veneer to lld_stop_ind_handler 0x20003ce9   Thumb Code    12  anon$$obj.o(Veneer$$Code)
    Long Thumb to Thumb Veneer to __aeabi_llsl 0x20003cf5   Thumb Code    12  anon$$obj.o(Veneer$$Code)
    Long Thumb to Thumb Veneer to IffCalibration 0x20003d01   Thumb Code    12  anon$$obj.o(Veneer$$Code)
    Long Thumb to Thumb Veneer to DCoffsetCalibration 0x20003d0d   Thumb Code    12  anon$$obj.o(Veneer$$Code)
    Long Thumb to Thumb Veneer to memcmp     0x20003d19   Thumb Code    12  anon$$obj.o(Veneer$$Code)
    Long Thumb to Thumb Veneer to nvds_get_func 0x20003d25   Thumb Code    12  anon$$obj.o(Veneer$$Code)
    Long Thumb to Thumb Veneer to ke_sleep_check 0x20003d31   Thumb Code    12  anon$$obj.o(Veneer$$Code)
    Long Thumb to Thumb Veneer to ke_timer_sleep_check 0x20003d3d   Thumb Code    12  anon$$obj.o(Veneer$$Code)
    Long Thumb to Thumb Veneer to gtl_enter_sleep 0x20003d49   Thumb Code    12  anon$$obj.o(Veneer$$Code)
    Long Thumb to Thumb Veneer to gtl_eif_init 0x20003d55   Thumb Code    12  anon$$obj.o(Veneer$$Code)
    Long Thumb to Thumb Veneer to lld_sleep_enter 0x20003d61   Thumb Code    12  anon$$obj.o(Veneer$$Code)
    Long Thumb to Thumb Veneer to ble_regs_push 0x20003d6d   Thumb Code    12  anon$$obj.o(Veneer$$Code)
    Long Thumb to Thumb Veneer to llm_get_min_rssi 0x20003d79   Thumb Code    12  anon$$obj.o(Veneer$$Code)
    Long Thumb to Thumb Veneer to ble_regs_pop 0x20003d85   Thumb Code    12  anon$$obj.o(Veneer$$Code)
    Long Thumb to Thumb Veneer to rwip_wakeup 0x20003d91   Thumb Code    12  anon$$obj.o(Veneer$$Code)
    Long Thumb to Thumb Veneer to rf_workaround_init 0x20003d9d   Thumb Code    12  anon$$obj.o(Veneer$$Code)
    Long Thumb to Thumb Veneer to rf_reinit  0x20003da9   Thumb Code    12  anon$$obj.o(Veneer$$Code)
    Long Thumb to Thumb Veneer to $Super$$BLE_CSCNT_Handler 0x20003db5   Thumb Code    12  anon$$obj.o(Veneer$$Code)
    Long Thumb to Thumb Veneer to lld_evt_rx_isr 0x20003dc1   Thumb Code    12  anon$$obj.o(Veneer$$Code)
    Long Thumb to Thumb Veneer to lld_evt_end_isr 0x20003dcd   Thumb Code    12  anon$$obj.o(Veneer$$Code)
    Long Thumb to Thumb Veneer to set_rf_cal_cap 0x20003dd9   Thumb Code    12  anon$$obj.o(Veneer$$Code)
    Long Thumb to Thumb Veneer to set_gauss_modgain 0x20003de5   Thumb Code    12  anon$$obj.o(Veneer$$Code)
    Long Thumb to Thumb Veneer to lld_evt_start_isr 0x20003df1   Thumb Code    12  anon$$obj.o(Veneer$$Code)
    Long Thumb to Thumb Veneer to __aeabi_memclr 0x20003dfd   Thumb Code    12  anon$$obj.o(Veneer$$Code)
    Long Thumb to Thumb Veneer to ke_task_create 0x20003e09   Thumb Code    12  anon$$obj.o(Veneer$$Code)
    Long Thumb to Thumb Veneer to attmdb_att_get_value 0x20003e15   Thumb Code    12  anon$$obj.o(Veneer$$Code)
    Long Thumb to Thumb Veneer to ke_msg_send_basic 0x20003e21   Thumb Code    12  anon$$obj.o(Veneer$$Code)
    Long Thumb to Thumb Veneer to attmdb_att_set_value 0x20003e2d   Thumb Code    12  anon$$obj.o(Veneer$$Code)
    Long Thumb to Thumb Veneer to attm_svc_create_db 0x20003e39   Thumb Code    12  anon$$obj.o(Veneer$$Code)
    Long Thumb to Thumb Veneer to attmdb_svc_set_permission 0x20003e45   Thumb Code    12  anon$$obj.o(Veneer$$Code)
    Long Thumb to Thumb Veneer to gapc_get_conidx 0x20003e51   Thumb Code    12  anon$$obj.o(Veneer$$Code)
    Long Thumb to Thumb Veneer to attmdb_att_update_value 0x20003e5d   Thumb Code    12  anon$$obj.o(Veneer$$Code)
    Long Thumb to Thumb Veneer to atts_write_rsp_send 0x20003e69   Thumb Code    12  anon$$obj.o(Veneer$$Code)
    Long Thumb to Thumb Veneer to gapc_get_conhdl 0x20003e75   Thumb Code    12  anon$$obj.o(Veneer$$Code)
    Long Thumb to Thumb Veneer to gapc_send_disconect_ind 0x20003e81   Thumb Code    12  anon$$obj.o(Veneer$$Code)
    Long Thumb to Thumb Veneer to rand       0x20003e8d   Thumb Code    12  anon$$obj.o(Veneer$$Code)
    Long Thumb to Thumb Veneer to __aeabi_idivmod 0x20003e99   Thumb Code    12  anon$$obj.o(Veneer$$Code)
    Long Thumb to Thumb Veneer to nvds_get   0x20003ea5   Thumb Code    12  anon$$obj.o(Veneer$$Code)
    Long Thumb to Thumb Veneer to ke_timer_set 0x20003eb1   Thumb Code    12  anon$$obj.o(Veneer$$Code)
    Long Thumb to Thumb Veneer to __aeabi_memcpy4 0x20003ebd   Thumb Code    12  anon$$obj.o(Veneer$$Code)
    Long Thumb to Thumb Veneer to __aeabi_memset 0x20003ec9   Thumb Code    12  anon$$obj.o(Veneer$$Code)
    __scatterload_copy                       0x20003ed5   Thumb Code    14  handlers.o(i.__scatterload_copy)
    __scatterload_null                       0x20003ee3   Thumb Code     2  handlers.o(i.__scatterload_null)
    __scatterload_zeroinit                   0x20003ee5   Thumb Code    14  handlers.o(i.__scatterload_zeroinit)
    add_packets_tx                           0x20003ef5   Thumb Code    16  app_stream_queue.o(i.add_packets_tx)
    LUT_CFG                                  0x20003f08   Data          22  jump_table.o(.constdata)
    TASK_DESC_GTL                            0x20004068   Data          16  arch_patch.o(.constdata)
    my_gtl_default_state                     0x20004098   Data          24  arch_patch.o(.constdata)
    my_gtl_default_handler                   0x200040b0   Data           8  arch_patch.o(.constdata)
    my_llc_state_handler                     0x200041f8   Data         176  llc.obj(.constdata)
    my_llc_default_handler                   0x200042a8   Data           8  llc.obj(.constdata)
    TASK_DESC_LLC                            0x200042b0   Data          16  llc.obj(.constdata)
    streamdatad_disabled                     0x20004520   Data           8  streamdatad_task.o(.constdata)
    streamdatad_idle                         0x20004528   Data           8  streamdatad_task.o(.constdata)
    streamdatad_active                       0x20004530   Data          24  streamdatad_task.o(.constdata)
    streamdatad_state_handler                0x20004548   Data          24  streamdatad_task.o(.constdata)
    streamdatad_default_handler              0x20004560   Data           8  streamdatad_task.o(.constdata)
    app_default_state                        0x20004578   Data         128  app_task.o(.constdata)
    app_default_handler                      0x200045f8   Data           8  app_task.o(.constdata)
    max_pkt_conint                           0x20004600   Data          24  app_stream_queue.o(.constdata)
    Region$$Table$$Base                      0x20004618   Number         0  anon$$obj.o(Region$$Table)
    Region$$Table$$Limit                     0x20004648   Number         0  anon$$obj.o(Region$$Table)
    startup_sleep_delay                      0x20004648   Data           4  arch_system.o(.data)
    str_count                                0x2000464c   Data           4  app_stream_queue.o(.data)
    min_val                                  0x20004650   Data           4  app_stream_queue.o(.data)
    stream_params                            0x20004654   Data           4  app_stream_queue.o(.data)
    GPIO_status                              0x20008000   Data           8  gpio.o(.bss)
    GPIO                                     0x20008008   Data         160  gpio.o(.bss)
    GPIOHandlerFunction                      0x200080a8   Data          20  gpio.o(.bss)
    streamdatad_env                          0x200080bc   Data         220  streamdatad.o(.bss)
    dbg                                      0x20008198   Data           1  app_throughput_peripheral_proj.o(.bss)
    test_pkt                                 0x200081a4   Data         640  app_throughput_peripheral_proj.o(.bss)
    sys_startup_flag                         0x20008424   Data           1  arch_main.o(retention_mem_area0)
    sleep_md                                 0x20008425   Data           1  arch_sleep.o(retention_mem_area0)
    sleep_pend                               0x20008426   Data           1  arch_sleep.o(retention_mem_area0)
    sleep_cnt                                0x20008427   Data           1  arch_sleep.o(retention_mem_area0)
    sleep_ext_force                          0x20008428   Data           1  arch_sleep.o(retention_mem_area0)
    cal_enable                               0x2000842c   Data           1  arch_system.o(retention_mem_area0)
    lp_clk_sel                               0x20008430   Data           4  arch_system.o(retention_mem_area0)
    rcx_freq                                 0x20008434   Data           4  arch_system.o(retention_mem_area0)
    rcx_period                               0x20008438   Data           4  arch_system.o(retention_mem_area0)
    rcx_slot_duration                        0x2000843c   Data           4  arch_system.o(retention_mem_area0)
    alt_evts                                 0x20008440   Data          24  llc.obj(retention_mem_area0)
    dev_bdaddr                               0x20008459   Data           6  nvds.o(retention_mem_area0)
    sleep_lp_cycles                          0x20008460   Data           4  rwip.o(retention_mem_area0)
    slp_period_retained                      0x20008464   Data           4  rwip.o(retention_mem_area0)
    rwble_last_event                         0x20008468   Data           1  rwble.o(retention_mem_area0)
    set_boost_low_vbat1v_overhead            0x20008469   Data           1  rwble.o(retention_mem_area0)
    fine_hit                                 0x2000846a   Data           1  rwble.o(retention_mem_area0)
    clk_freq_trim_reg_value                  0x2000846c   Data           2  rwble.o(retention_mem_area0)
    wakeup_lp_comp                           0x2000846e   Data           2  rwble.o(retention_mem_area0)
    app_sec_env                              0x20008470   Data          36  app_sec.o(retention_mem_area0)
    app_env                                  0x20008494   Data          12  app.o(retention_mem_area0)
    app_state                                0x200084a0   Data           2  app_task.o(retention_mem_area0)
    test_state                               0x200084a2   Data           1  app_throughput_peripheral_proj.o(retention_mem_area0)
    rwip_heap_non_ret                        0x20008bf4   Data        1036  jump_table.o(heap_mem_area_not_ret)
    SystemCoreClock                          0x20009000   Data           0  rom_symdef.txt ABSOLUTE
    error                                    0x20009004   Data           0  rom_symdef.txt ABSOLUTE
    tpmsb                                    0x20009020   Data           1  temp.o(.bss)
    tplsb                                    0x20009021   Data           1  temp.o(.bss)
    jk                                       0x20009022   Data           1  temp.o(.bss)
    sA_tem                                   0x20009024   Data           2  temp.o(.bss)
    cpt_event                                0x20009028   Data           1  rwble.o(.bss)
    transmitting_data                        0x2000902c   Data           4  rwble.o(.bss)
    nb_buf_av                                0x20009030   Data           1  streamdatad_task.o(.bss)
    data                                     0x20009032   Data           2  streamdatad_task.o(.bss)
    streamdatad_state                        0x20009034   Data           1  streamdatad_task.o(.bss)
    fifo_read                                0x20009038   Data           1  app_stream_queue.o(.bss)
    fifo_write                               0x20009039   Data           1  app_stream_queue.o(.bss)
    asynch_flag                              0x2000903a   Data           1  app_stream_queue.o(.bss)
    pkt_fifo                                 0x2000903c   Data         400  app_stream_queue.o(.bss)
    global_metrics                           0x200091cc   Data          18  app_stream_queue.o(.bss)
    global_metrics_tosend                    0x200091de   Data          18  app_stream_queue.o(.bss)
    __initial_sp                             0x20009800   Data           0  boot_vectors.o(STACK)



==============================================================================

Memory Map of the image

  Image Entry point : 0x20000441

  Load Region LR_IROM1 (Base: 0x20000000, Size: 0x000000a0, Max: 0x00000160, ABSOLUTE)

    Execution Region ER_IROM1 (Base: 0x20000000, Size: 0x000000a0, Max: 0x00000160, ABSOLUTE)

    Base Addr    Size         Type   Attr      Idx    E Section Name        Object

    0x20000000   0x000000a0   Data   RO           52    RESET               boot_vectors.o



  Load Region LR_IROM2 (Base: 0x20000160, Size: 0x00000160, Max: 0x00000160, ABSOLUTE)

    Execution Region ER_IROM2 (Base: 0x20000160, Size: 0x00000160, Max: 0x00000160, ABSOLUTE)

    Base Addr    Size         Type   Attr      Idx    E Section Name        Object

    0x20000160   0x00000160   Data   RO          391    jump_table_mem_area  jump_table.o



  Load Region LR_IROM3 (Base: 0x200002c0, Size: 0x00000064, Max: 0x00000080, ABSOLUTE)

    Execution Region ER_IROM3 (Base: 0x200002c0, Size: 0x00000064, Max: 0x00000080, ABSOLUTE)

    Base Addr    Size         Type   Attr      Idx    E Section Name        Object

    0x200002c0   0x00000064   Data   RO          855    timeout_table_area  gapm.o



  Load Region LR_IROM4 (Base: 0x20000340, Size: 0x000000a4, Max: 0x00000100, ABSOLUTE)

    Execution Region ER_IROM4 (Base: 0x20000340, Size: 0x000000a4, Max: 0x00000100, ABSOLUTE)

    Base Addr    Size         Type   Attr      Idx    E Section Name        Object

    0x20000340   0x000000a4   Data   RO          902    nvds_data_storage_area  nvds.o



  Load Region LR_IROM5 (Base: 0x20000440, Size: 0x00004218, Max: 0x000093c0, ABSOLUTE)

    Execution Region ER_IROM5 (Base: 0x20000440, Size: 0x00004218, Max: 0x00007ac0, ABSOLUTE)

    Base Addr    Size         Type   Attr      Idx    E Section Name        Object

    0x20000440   0x00000000   Code   RO         1415  * .ARM.Collect$$$$00000000  mc_p.l(entry.o)
    0x20000440   0x00000004   Code   RO         1420    .ARM.Collect$$$$00000001  mc_p.l(entry2.o)
    0x20000444   0x00000004   Code   RO         1423    .ARM.Collect$$$$00000004  mc_p.l(entry5.o)
    0x20000448   0x00000000   Code   RO         1425    .ARM.Collect$$$$00000008  mc_p.l(entry7b.o)
    0x20000448   0x00000000   Code   RO         1427    .ARM.Collect$$$$0000000A  mc_p.l(entry8b.o)
    0x20000448   0x00000008   Code   RO         1428    .ARM.Collect$$$$0000000B  mc_p.l(entry9a.o)
    0x20000450   0x00000000   Code   RO         1430    .ARM.Collect$$$$0000000D  mc_p.l(entry10a.o)
    0x20000450   0x00000000   Code   RO         1432    .ARM.Collect$$$$0000000F  mc_p.l(entry11a.o)
    0x20000450   0x00000004   Code   RO         1421    .ARM.Collect$$$$00002712  mc_p.l(entry2.o)
    0x20000454   0x0000004c   Code   RO            2    .text               system_armcm0.o
    0x200004a0   0x0000006c   Code   RO           53    .text               boot_vectors.o
    0x2000050c   0x00000060   Code   RO           58    .text               hardfault_handler.o
    0x2000056c   0x000002a8   Code   RO          114    .text               arch_main.o
    0x20000814   0x00000002   Code   RO          385    .text               jump_table.o
    0x20000816   0x00000002   PAD
    0x20000818   0x00000110   Code   RO          504    .text               arch_sleep.o
    0x20000928   0x00000090   Code   RO          523    .text               nmi_handler.o
    0x200009b8   0x000000f4   Code   RO          539    .text               periph_setup.o
    0x20000aac   0x000002bc   Code   RO          557    .text               arch_system.o
    0x20000d68   0x000001fc   Code   RO          617    .text               arch_patch.o
    0x20000f64   0x000000ec   Code   RO          707    .text               atts_task.obj
    0x20001050   0x000000c4   Code   RO          709    .text               ch_map.obj
    0x20001114   0x00000180   Code   RO          711    .text               gapm_util.obj
    0x20001294   0x000000b8   Code   RO          713    .text               ke_task.obj
    0x2000134c   0x000000ec   Code   RO          715    .text               smpc.obj
    0x20001438   0x00000214   Code   RO          717    .text               smpc_task.obj
    0x2000164c   0x000000e0   Code   RO          719    .text               llc.obj
    0x2000172c   0x00000044   Code   RO          727    .text               syscntl.o
    0x20001770   0x00000310   Code   RO          742    .text               rf_580.o
    0x20001a80   0x00000624   Code   RO          766    .text               gpio.o
    0x200020a4   0x000001b4   Code   RO          822    .text               trng.o
    0x20002258   0x0000020c   Code   RO          835    .text               temp.o
    0x20002464   0x00000084   Code   RO          901    .text               nvds.o
    0x200024e8   0x0000018c   Code   RO          999    .text               rwip.o
    0x20002674   0x00000310   Code   RO         1030    .text               rwble.o
    0x20002984   0x00000134   Code   RO         1117    .text               streamdatad.o
    0x20002ab8   0x00000218   Code   RO         1155    .text               streamdatad_task.o
    0x20002cd0   0x000000dc   Code   RO         1193    .text               prf_utils.o
    0x20002dac   0x000000b0   Code   RO         1237    .text               app_sec.o
    0x20002e5c   0x00000124   Code   RO         1258    .text               app_sec_task.o
    0x20002f80   0x00000144   Code   RO         1274    .text               app.o
    0x200030c4   0x0000013c   Code   RO         1293    .text               app_task.o
    0x20003200   0x00000370   Code   RO         1316    .text               app_throughput_peripheral_proj.o
    0x20003570   0x00000040   Code   RO         1347    .text               app_streamdatad.o
    0x200035b0   0x00000032   Code   RO         1362    .text               app_streamdatad_task.o
    0x200035e2   0x00000002   PAD
    0x200035e4   0x000002b8   Code   RO         1377    .text               app_stream_queue.o
    0x2000389c   0x0000000e   Code   RO         1416    .text               mf_p.l(ffltui.o)
    0x200038aa   0x00000028   Code   RO         1418    .text               mf_p.l(ffixui.o)
    0x200038d2   0x00000084   Code   RO         1434    .text               mf_p.l(fepilogue.o)
    0x20003956   0x00000002   PAD
    0x20003958   0x00000024   Code   RO         1436    .text               mc_p.l(init.o)
    0x2000397c   0x0000000c   Ven    RO         1446    Veneer$$Code        anon$$obj.o
    0x20003988   0x0000000c   Ven    RO         1447    Veneer$$Code        anon$$obj.o
    0x20003994   0x0000000c   Ven    RO         1448    Veneer$$Code        anon$$obj.o
    0x200039a0   0x0000000c   Ven    RO         1449    Veneer$$Code        anon$$obj.o
    0x200039ac   0x0000000c   Ven    RO         1450    Veneer$$Code        anon$$obj.o
    0x200039b8   0x0000000c   Ven    RO         1451    Veneer$$Code        anon$$obj.o
    0x200039c4   0x0000000c   Ven    RO         1452    Veneer$$Code        anon$$obj.o
    0x200039d0   0x0000000c   Ven    RO         1453    Veneer$$Code        anon$$obj.o
    0x200039dc   0x0000000c   Ven    RO         1454    Veneer$$Code        anon$$obj.o
    0x200039e8   0x0000000c   Ven    RO         1455    Veneer$$Code        anon$$obj.o
    0x200039f4   0x0000000c   Ven    RO         1456    Veneer$$Code        anon$$obj.o
    0x20003a00   0x0000000c   Ven    RO         1457    Veneer$$Code        anon$$obj.o
    0x20003a0c   0x0000000c   Ven    RO         1458    Veneer$$Code        anon$$obj.o
    0x20003a18   0x0000000c   Ven    RO         1459    Veneer$$Code        anon$$obj.o
    0x20003a24   0x0000000c   Ven    RO         1460    Veneer$$Code        anon$$obj.o
    0x20003a30   0x0000000c   Ven    RO         1461    Veneer$$Code        anon$$obj.o
    0x20003a3c   0x0000000c   Ven    RO         1462    Veneer$$Code        anon$$obj.o
    0x20003a48   0x0000000c   Ven    RO         1463    Veneer$$Code        anon$$obj.o
    0x20003a54   0x0000000c   Ven    RO         1464    Veneer$$Code        anon$$obj.o
    0x20003a60   0x0000000c   Ven    RO         1465    Veneer$$Code        anon$$obj.o
    0x20003a6c   0x0000000c   Ven    RO         1466    Veneer$$Code        anon$$obj.o
    0x20003a78   0x0000000c   Ven    RO         1467    Veneer$$Code        anon$$obj.o
    0x20003a84   0x0000000c   Ven    RO         1468    Veneer$$Code        anon$$obj.o
    0x20003a90   0x0000000c   Ven    RO         1469    Veneer$$Code        anon$$obj.o
    0x20003a9c   0x0000000c   Ven    RO         1470    Veneer$$Code        anon$$obj.o
    0x20003aa8   0x0000000c   Ven    RO         1471    Veneer$$Code        anon$$obj.o
    0x20003ab4   0x0000000c   Ven    RO         1472    Veneer$$Code        anon$$obj.o
    0x20003ac0   0x0000000c   Ven    RO         1473    Veneer$$Code        anon$$obj.o
    0x20003acc   0x0000000c   Ven    RO         1474    Veneer$$Code        anon$$obj.o
    0x20003ad8   0x0000000c   Ven    RO         1475    Veneer$$Code        anon$$obj.o
    0x20003ae4   0x0000000c   Ven    RO         1476    Veneer$$Code        anon$$obj.o
    0x20003af0   0x0000000c   Ven    RO         1477    Veneer$$Code        anon$$obj.o
    0x20003afc   0x0000000c   Ven    RO         1478    Veneer$$Code        anon$$obj.o
    0x20003b08   0x0000000c   Ven    RO         1479    Veneer$$Code        anon$$obj.o
    0x20003b14   0x0000000c   Ven    RO         1480    Veneer$$Code        anon$$obj.o
    0x20003b20   0x0000000c   Ven    RO         1481    Veneer$$Code        anon$$obj.o
    0x20003b2c   0x0000000c   Ven    RO         1482    Veneer$$Code        anon$$obj.o
    0x20003b38   0x0000000c   Ven    RO         1483    Veneer$$Code        anon$$obj.o
    0x20003b44   0x0000000c   Ven    RO         1484    Veneer$$Code        anon$$obj.o
    0x20003b50   0x0000000c   Ven    RO         1485    Veneer$$Code        anon$$obj.o
    0x20003b5c   0x0000000c   Ven    RO         1486    Veneer$$Code        anon$$obj.o
    0x20003b68   0x0000000c   Ven    RO         1487    Veneer$$Code        anon$$obj.o
    0x20003b74   0x0000000c   Ven    RO         1488    Veneer$$Code        anon$$obj.o
    0x20003b80   0x0000000c   Ven    RO         1489    Veneer$$Code        anon$$obj.o
    0x20003b8c   0x0000000c   Ven    RO         1490    Veneer$$Code        anon$$obj.o
    0x20003b98   0x0000000c   Ven    RO         1491    Veneer$$Code        anon$$obj.o
    0x20003ba4   0x0000000c   Ven    RO         1492    Veneer$$Code        anon$$obj.o
    0x20003bb0   0x0000000c   Ven    RO         1493    Veneer$$Code        anon$$obj.o
    0x20003bbc   0x0000000c   Ven    RO         1494    Veneer$$Code        anon$$obj.o
    0x20003bc8   0x0000000c   Ven    RO         1495    Veneer$$Code        anon$$obj.o
    0x20003bd4   0x0000000c   Ven    RO         1496    Veneer$$Code        anon$$obj.o
    0x20003be0   0x0000000c   Ven    RO         1497    Veneer$$Code        anon$$obj.o
    0x20003bec   0x0000000c   Ven    RO         1498    Veneer$$Code        anon$$obj.o
    0x20003bf8   0x0000000c   Ven    RO         1499    Veneer$$Code        anon$$obj.o
    0x20003c04   0x0000000c   Ven    RO         1500    Veneer$$Code        anon$$obj.o
    0x20003c10   0x0000000c   Ven    RO         1501    Veneer$$Code        anon$$obj.o
    0x20003c1c   0x0000000c   Ven    RO         1502    Veneer$$Code        anon$$obj.o
    0x20003c28   0x0000000c   Ven    RO         1503    Veneer$$Code        anon$$obj.o
    0x20003c34   0x0000000c   Ven    RO         1504    Veneer$$Code        anon$$obj.o
    0x20003c40   0x0000000c   Ven    RO         1505    Veneer$$Code        anon$$obj.o
    0x20003c4c   0x0000000c   Ven    RO         1506    Veneer$$Code        anon$$obj.o
    0x20003c58   0x0000000c   Ven    RO         1507    Veneer$$Code        anon$$obj.o
    0x20003c64   0x0000000c   Ven    RO         1508    Veneer$$Code        anon$$obj.o
    0x20003c70   0x0000000c   Ven    RO         1509    Veneer$$Code        anon$$obj.o
    0x20003c7c   0x0000000c   Ven    RO         1510    Veneer$$Code        anon$$obj.o
    0x20003c88   0x0000000c   Ven    RO         1511    Veneer$$Code        anon$$obj.o
    0x20003c94   0x0000000c   Ven    RO         1512    Veneer$$Code        anon$$obj.o
    0x20003ca0   0x0000000c   Ven    RO         1513    Veneer$$Code        anon$$obj.o
    0x20003cac   0x0000000c   Ven    RO         1514    Veneer$$Code        anon$$obj.o
    0x20003cb8   0x0000000c   Ven    RO         1515    Veneer$$Code        anon$$obj.o
    0x20003cc4   0x0000000c   Ven    RO         1516    Veneer$$Code        anon$$obj.o
    0x20003cd0   0x0000000c   Ven    RO         1517    Veneer$$Code        anon$$obj.o
    0x20003cdc   0x0000000c   Ven    RO         1518    Veneer$$Code        anon$$obj.o
    0x20003ce8   0x0000000c   Ven    RO         1519    Veneer$$Code        anon$$obj.o
    0x20003cf4   0x0000000c   Ven    RO         1520    Veneer$$Code        anon$$obj.o
    0x20003d00   0x0000000c   Ven    RO         1521    Veneer$$Code        anon$$obj.o
    0x20003d0c   0x0000000c   Ven    RO         1522    Veneer$$Code        anon$$obj.o
    0x20003d18   0x0000000c   Ven    RO         1523    Veneer$$Code        anon$$obj.o
    0x20003d24   0x0000000c   Ven    RO         1524    Veneer$$Code        anon$$obj.o
    0x20003d30   0x0000000c   Ven    RO         1525    Veneer$$Code        anon$$obj.o
    0x20003d3c   0x0000000c   Ven    RO         1526    Veneer$$Code        anon$$obj.o
    0x20003d48   0x0000000c   Ven    RO         1527    Veneer$$Code        anon$$obj.o
    0x20003d54   0x0000000c   Ven    RO         1528    Veneer$$Code        anon$$obj.o
    0x20003d60   0x0000000c   Ven    RO         1529    Veneer$$Code        anon$$obj.o
    0x20003d6c   0x0000000c   Ven    RO         1530    Veneer$$Code        anon$$obj.o
    0x20003d78   0x0000000c   Ven    RO         1531    Veneer$$Code        anon$$obj.o
    0x20003d84   0x0000000c   Ven    RO         1532    Veneer$$Code        anon$$obj.o
    0x20003d90   0x0000000c   Ven    RO         1533    Veneer$$Code        anon$$obj.o
    0x20003d9c   0x0000000c   Ven    RO         1534    Veneer$$Code        anon$$obj.o
    0x20003da8   0x0000000c   Ven    RO         1535    Veneer$$Code        anon$$obj.o
    0x20003db4   0x0000000c   Ven    RO         1536    Veneer$$Code        anon$$obj.o
    0x20003dc0   0x0000000c   Ven    RO         1537    Veneer$$Code        anon$$obj.o
    0x20003dcc   0x0000000c   Ven    RO         1538    Veneer$$Code        anon$$obj.o
    0x20003dd8   0x0000000c   Ven    RO         1539    Veneer$$Code        anon$$obj.o
    0x20003de4   0x0000000c   Ven    RO         1540    Veneer$$Code        anon$$obj.o
    0x20003df0   0x0000000c   Ven    RO         1541    Veneer$$Code        anon$$obj.o
    0x20003dfc   0x0000000c   Ven    RO         1542    Veneer$$Code        anon$$obj.o
    0x20003e08   0x0000000c   Ven    RO         1543    Veneer$$Code        anon$$obj.o
    0x20003e14   0x0000000c   Ven    RO         1544    Veneer$$Code        anon$$obj.o
    0x20003e20   0x0000000c   Ven    RO         1545    Veneer$$Code        anon$$obj.o
    0x20003e2c   0x0000000c   Ven    RO         1546    Veneer$$Code        anon$$obj.o
    0x20003e38   0x0000000c   Ven    RO         1547    Veneer$$Code        anon$$obj.o
    0x20003e44   0x0000000c   Ven    RO         1548    Veneer$$Code        anon$$obj.o
    0x20003e50   0x0000000c   Ven    RO         1549    Veneer$$Code        anon$$obj.o
    0x20003e5c   0x0000000c   Ven    RO         1550    Veneer$$Code        anon$$obj.o
    0x20003e68   0x0000000c   Ven    RO         1551    Veneer$$Code        anon$$obj.o
    0x20003e74   0x0000000c   Ven    RO         1552    Veneer$$Code        anon$$obj.o
    0x20003e80   0x0000000c   Ven    RO         1553    Veneer$$Code        anon$$obj.o
    0x20003e8c   0x0000000c   Ven    RO         1554    Veneer$$Code        anon$$obj.o
    0x20003e98   0x0000000c   Ven    RO         1555    Veneer$$Code        anon$$obj.o
    0x20003ea4   0x0000000c   Ven    RO         1556    Veneer$$Code        anon$$obj.o
    0x20003eb0   0x0000000c   Ven    RO         1557    Veneer$$Code        anon$$obj.o
    0x20003ebc   0x0000000c   Ven    RO         1558    Veneer$$Code        anon$$obj.o
    0x20003ec8   0x0000000c   Ven    RO         1559    Veneer$$Code        anon$$obj.o
    0x20003ed4   0x0000000e   Code   RO         1440    i.__scatterload_copy  mc_p.l(handlers.o)
    0x20003ee2   0x00000002   Code   RO         1441    i.__scatterload_null  mc_p.l(handlers.o)
    0x20003ee4   0x0000000e   Code   RO         1442    i.__scatterload_zeroinit  mc_p.l(handlers.o)
    0x20003ef2   0x00000002   PAD
    0x20003ef4   0x00000014   Code   RO         1397    i.add_packets_tx    app_stream_queue.o
    0x20003f08   0x00000016   Data   RO          386    .constdata          jump_table.o
    0x20003f1e   0x00000002   PAD
    0x20003f20   0x00000130   Data   RO          618    .constdata          arch_patch.o
    0x20004050   0x00000008   Data   RO          619    .constdata          arch_patch.o
    0x20004058   0x00000040   Data   RO          620    .constdata          arch_patch.o
    0x20004098   0x00000018   Data   RO          621    .constdata          arch_patch.o
    0x200040b0   0x00000008   Data   RO          622    .constdata          arch_patch.o
    0x200040b8   0x00000130   Data   RO          720    .constdata          llc.obj
    0x200041e8   0x00000010   Data   RO          721    .constdata          llc.obj
    0x200041f8   0x000000b0   Data   RO          722    .constdata          llc.obj
    0x200042a8   0x00000008   Data   RO          723    .constdata          llc.obj
    0x200042b0   0x00000010   Data   RO          724    .constdata          llc.obj
    0x200042c0   0x00000008   Data   RO          770    .constdata          gpio.o
    0x200042c8   0x00000010   Data   RO         1119    .constdata          streamdatad.o
    0x200042d8   0x00000002   Data   RO         1158    .constdata          streamdatad_task.o
    0x200042da   0x00000005   Data   RO         1159    .constdata          streamdatad_task.o
    0x200042df   0x00000005   Data   RO         1160    .constdata          streamdatad_task.o
    0x200042e4   0x00000019   Data   RO         1161    .constdata          streamdatad_task.o
    0x200042fd   0x00000005   Data   RO         1162    .constdata          streamdatad_task.o
    0x20004302   0x00000002   PAD
    0x20004304   0x0000021c   Data   RO         1163    .constdata          streamdatad_task.o
    0x20004520   0x00000008   Data   RO         1164    .constdata          streamdatad_task.o
    0x20004528   0x00000008   Data   RO         1165    .constdata          streamdatad_task.o
    0x20004530   0x00000018   Data   RO         1166    .constdata          streamdatad_task.o
    0x20004548   0x00000018   Data   RO         1167    .constdata          streamdatad_task.o
    0x20004560   0x00000008   Data   RO         1168    .constdata          streamdatad_task.o
    0x20004568   0x00000010   Data   RO         1275    .constdata          app.o
    0x20004578   0x00000080   Data   RO         1294    .constdata          app_task.o
    0x200045f8   0x00000008   Data   RO         1295    .constdata          app_task.o
    0x20004600   0x00000018   Data   RO         1379    .constdata          app_stream_queue.o
    0x20004618   0x00000030   Data   RO         1438    Region$$Table       anon$$obj.o
    0x20004648   0x00000004   Data   RW          558    .data               arch_system.o
    0x2000464c   0x0000000c   Data   RW         1381    .data               app_stream_queue.o


    Execution Region RW_IRAM50 (Base: 0x20008000, Size: 0x000004a4, Max: 0x00000bf4, ABSOLUTE)

    Base Addr    Size         Type   Attr      Idx    E Section Name        Object

    0x20008000   0x000000bc   Zero   RW          769    .bss                gpio.o
    0x200080bc   0x000000dc   Zero   RW         1118    .bss                streamdatad.o
    0x20008198   0x0000028c   Zero   RW         1317    .bss                app_throughput_peripheral_proj.o
    0x20008424   0x00000001   Zero   RW          116    retention_mem_area0  arch_main.o
    0x20008425   0x00000004   Zero   RW          505    retention_mem_area0  arch_sleep.o
    0x20008429   0x00000003   PAD
    0x2000842c   0x00000014   Zero   RW          559    retention_mem_area0  arch_system.o
    0x20008440   0x00000018   Zero   RW          725    retention_mem_area0  llc.obj
    0x20008458   0x00000001   Zero   RW          743    retention_mem_area0  rf_580.o
    0x20008459   0x00000006   Zero   RW          903    retention_mem_area0  nvds.o
    0x2000845f   0x00000001   PAD
    0x20008460   0x00000004   Zero   RW         1000    retention_mem_area0  rwip.o
    0x20008464   0x00000004   Zero   RW         1001    retention_mem_area0  rwip.o
    0x20008468   0x00000008   Zero   RW         1032    retention_mem_area0  rwble.o
    0x20008470   0x00000024   Zero   RW         1238    retention_mem_area0  app_sec.o
    0x20008494   0x0000000c   Zero   RW         1276    retention_mem_area0  app.o
    0x200084a0   0x00000002   Zero   RW         1296    retention_mem_area0  app_task.o
    0x200084a2   0x00000001   Zero   RW         1318    retention_mem_area0  app_throughput_peripheral_proj.o


    Execution Region RW_IRAM51 (Base: 0x20008bf4, Size: 0x0000040c, Max: 0x0000040c, ABSOLUTE, UNINIT)

    Base Addr    Size         Type   Attr      Idx    E Section Name        Object

    0x20008bf4   0x0000040c   Zero   RW          389    heap_mem_area_not_ret  jump_table.o


    Execution Region RW_IRAM52 (Base: 0x20009000, Size: 0x00000020, Max: 0x00000020, ABSOLUTE, UNINIT)

    Base Addr    Size         Type   Attr      Idx    E Section Name        Object

    0x20009000   0x00000020   Zero   RW            1    RW_IRAM52.bss       anon$$obj.o


    Execution Region RW_IRAM53 (Base: 0x20009020, Size: 0x000001d0, Max: 0x000001e0, ABSOLUTE)

    Base Addr    Size         Type   Attr      Idx    E Section Name        Object

    0x20009020   0x00000006   Zero   RW          836    .bss                temp.o
    0x20009026   0x00000002   PAD
    0x20009028   0x00000008   Zero   RW         1031    .bss                rwble.o
    0x20009030   0x00000004   Zero   RW         1156    .bss                streamdatad_task.o
    0x20009034   0x00000001   Zero   RW         1157    .bss                streamdatad_task.o
    0x20009035   0x00000003   PAD
    0x20009038   0x000001b8   Zero   RW         1378    .bss                app_stream_queue.o


    Execution Region RW_IRAM54 (Base: 0x20009200, Size: 0x00000600, Max: 0x00000600, ABSOLUTE, UNINIT)

    Base Addr    Size         Type   Attr      Idx    E Section Name        Object

    0x20009200   0x00000600   Zero   RW           50    STACK               boot_vectors.o



  Load Region LR_RETENTION_RAM2 (Base: 0x00080768, Size: 0x00000000, Max: 0x00002898, ABSOLUTE)

    Execution Region ZI_RET20 (Base: 0x00080768, Size: 0x00000a8c, Max: 0x000022b8, ABSOLUTE, UNINIT)

    Base Addr    Size         Type   Attr      Idx    E Section Name        Object

    0x00080768   0x0000040c   Zero   RW          387    heap_db_area        jump_table.o
    0x00080b74   0x00000154   Zero   RW          388    heap_env_area       jump_table.o
    0x00080cc8   0x0000052c   Zero   RW          390    heap_msg_area       jump_table.o


    Execution Region ZI_RET21 (Base: 0x00082a20, Size: 0x000005e0, Max: 0x000005e0, ABSOLUTE)

    Base Addr    Size         Type   Attr      Idx    E Section Name        Object

    0x00082a20   0x000005de   Zero   RW          115    BLE_exchange_memory  arch_main.o


==============================================================================

Image component sizes


      Code (inc. data)   RO Data    RW Data    ZI Data      Debug   Object Name

       324         22         16          0         12       4072   app.o
       176         22          0          0         36       3243   app_sec.o
       292         28          0          0          0       2216   app_sec_task.o
       716         36         24         12        440       8475   app_stream_queue.o
        64         10          0          0          0       1458   app_streamdatad.o
        50          0          0          0          0       1790   app_streamdatad_task.o
       316          8        136          0          2       5472   app_task.o
       880         64          0          0        653      10238   app_throughput_peripheral_proj.o
       680         66          0          0       1503     160690   arch_main.o
       508        106        408          0          0      24381   arch_patch.o
       272         20          0          0          4       4572   arch_sleep.o
       700         54          0          4         20      83647   arch_system.o
       236         18          0          0          0         72   atts_task.obj
       108         22        160          0       1536        768   boot_vectors.o
       196         12          0          0          0        108   ch_map.obj
         0          0        100          0          0       1292   gapm.o
       384         38          0          0          0        112   gapm_util.obj
      1572         48          8          0        188      13277   gpio.o
        96         10          0          0          0       3891   hardfault_handler.o
         2          0        374          0       3736       9880   jump_table.o
       184         18          0          0          0         96   ke_task.obj
       224         22        520          0         24        200   llc.obj
       144         18          0          0          0       4085   nmi_handler.o
       132         26        164          0          6      46439   nvds.o
       244         14          0          0          0       1038   periph_setup.o
       220          6          0          0          0       7825   prf_utils.o
       784        178          0          0          1      65655   rf_580.o
       784         78          0          0         16     105529   rwble.o
       396         38          0          0          8      64150   rwip.o
       236          8          0          0          0        136   smpc.obj
       532          4          0          0          0         84   smpc_task.obj
       308         14         16          0        220       8124   streamdatad.o
       536         20        654          0          5       6949   streamdatad_task.o
        68          6          0          0          0       1467   syscntl.o
        76         16          0          0          0     100437   system_armcm0.o
       524         10          0          0          6       2966   temp.o
       436         32          0          0          0       2659   trng.o

    ----------------------------------------------------------------------
     14772       1548       2632         16       8460     757493   Object Totals
      1368        456         48          0         32          0   (incl. Generated)
         4          0          4          0         12          0   (incl. Padding)

    ----------------------------------------------------------------------

      Code (inc. data)   RO Data    RW Data    ZI Data      Debug   Library Member Name

         0          0          0          0          0          0   entry.o
         0          0          0          0          0          0   entry10a.o
         0          0          0          0          0          0   entry11a.o
         8          4          0          0          0          0   entry2.o
         4          0          0          0          0          0   entry5.o
         0          0          0          0          0          0   entry7b.o
         0          0          0          0          0          0   entry8b.o
         8          4          0          0          0          0   entry9a.o
        30          0          0          0          0          0   handlers.o
        36          8          0          0          0         68   init.o
       132          0          0          0          0        144   fepilogue.o
        40          0          0          0          0         60   ffixui.o
        14          0          0          0          0         68   ffltui.o

    ----------------------------------------------------------------------
       276         16          0          0          0        340   Library Totals
         4          0          0          0          0          0   (incl. Padding)

    ----------------------------------------------------------------------

      Code (inc. data)   RO Data    RW Data    ZI Data      Debug   Library Name

        86         16          0          0          0         68   mc_p.l
       186          0          0          0          0        272   mf_p.l

    ----------------------------------------------------------------------
       276         16          0          0          0        340   Library Totals

    ----------------------------------------------------------------------

==============================================================================


      Code (inc. data)   RO Data    RW Data    ZI Data      Debug   

     15048       1564       2632         16       8460     755009   Grand Totals
     15048       1564       2632         16       8460     755009   ELF Image Totals
     15048       1564       2632         16          0          0   ROM Totals

==============================================================================

    Total RO  Size (Code + RO Data)                17680 (  17.27kB)
    Total RW  Size (RW Data + ZI Data)              8476 (   8.28kB)
    Total ROM Size (Code + RO Data + RW Data)      17696 (  17.28kB)

==============================================================================

